###############################################################################
#
# IAR ELF Linker V8.40.2.214/W32 for ARM                  05/Sep/2021  10:37:19
# Copyright 2007-2019 IAR Systems AB.
#
#    Output file  =
#        G:\Socionext-24G-SensorSourceCode-sc1233-20200713\Debug\Exe\radar_2d.out
#    Map file     =
#        G:\Socionext-24G-SensorSourceCode-sc1233-20200713\Debug\List\radar_2d.map
#    Command line =
#        -f C:\Users\Pantian\AppData\Local\Temp\EWD2CC.tmp
#        (G:\Socionext-24G-SensorSourceCode-sc1233-20200713\Debug\Obj\main.o
#        G:\Socionext-24G-SensorSourceCode-sc1233-20200713\Debug\Obj\rs24g_bin.o
#        G:\Socionext-24G-SensorSourceCode-sc1233-20200713\Debug\Obj\rs24g_bin_interface.o
#        G:\Socionext-24G-SensorSourceCode-sc1233-20200713\Debug\Obj\rs24g_code2.o
#        G:\Socionext-24G-SensorSourceCode-sc1233-20200713\Debug\Obj\rs24g_code2_local.o
#        G:\Socionext-24G-SensorSourceCode-sc1233-20200713\Debug\Obj\rs24g_ctl_2rx.o
#        G:\Socionext-24G-SensorSourceCode-sc1233-20200713\Debug\Obj\rs24g_ctl_base.o
#        G:\Socionext-24G-SensorSourceCode-sc1233-20200713\Debug\Obj\rs24g_ctl_common.o
#        G:\Socionext-24G-SensorSourceCode-sc1233-20200713\Debug\Obj\rs24g_ctl_distance.o
#        G:\Socionext-24G-SensorSourceCode-sc1233-20200713\Debug\Obj\rs24g_ctl_fifo.o
#        G:\Socionext-24G-SensorSourceCode-sc1233-20200713\Debug\Obj\rs24g_ctl_motion.o
#        G:\Socionext-24G-SensorSourceCode-sc1233-20200713\Debug\Obj\rs24g_ctl_sc1233_version.o
#        G:\Socionext-24G-SensorSourceCode-sc1233-20200713\Debug\Obj\rs24g_ctl_sensor_ctl_type.o
#        G:\Socionext-24G-SensorSourceCode-sc1233-20200713\Debug\Obj\rs24g_ctl_setup.o
#        G:\Socionext-24G-SensorSourceCode-sc1233-20200713\Debug\Obj\rs24g_ctl_setup_base.o
#        G:\Socionext-24G-SensorSourceCode-sc1233-20200713\Debug\Obj\rs24g_ctl_setup_range.o
#        G:\Socionext-24G-SensorSourceCode-sc1233-20200713\Debug\Obj\rs24g_ctl_setup_sc1233_version.o
#        G:\Socionext-24G-SensorSourceCode-sc1233-20200713\Debug\Obj\rs24g_sample_sc1233.o
#        G:\Socionext-24G-SensorSourceCode-sc1233-20200713\Debug\Obj\rs_ctl_cmd.o
#        G:\Socionext-24G-SensorSourceCode-sc1233-20200713\Debug\Obj\rs_ctl_cmd_sc1233.o
#        G:\Socionext-24G-SensorSourceCode-sc1233-20200713\Debug\Obj\rs_ctl_data.o
#        G:\Socionext-24G-SensorSourceCode-sc1233-20200713\Debug\Obj\rs_ctl_dev.o
#        G:\Socionext-24G-SensorSourceCode-sc1233-20200713\Debug\Obj\rs_ctl_dev_poc.o
#        G:\Socionext-24G-SensorSourceCode-sc1233-20200713\Debug\Obj\rs_ctl_op.o
#        G:\Socionext-24G-SensorSourceCode-sc1233-20200713\Debug\Obj\rs_ctl_sensor_data.o
#        G:\Socionext-24G-SensorSourceCode-sc1233-20200713\Debug\Obj\rs_mutex.o
#        G:\Socionext-24G-SensorSourceCode-sc1233-20200713\Debug\Obj\rs_sleep.o
#        G:\Socionext-24G-SensorSourceCode-sc1233-20200713\Debug\Obj\setup_2d.o
#        G:\Socionext-24G-SensorSourceCode-sc1233-20200713\Debug\Obj\setup_bin.o
#        G:\Socionext-24G-SensorSourceCode-sc1233-20200713\Debug\Obj\setup_common.o
#        G:\Socionext-24G-SensorSourceCode-sc1233-20200713\Debug\Obj\setup_distance.o
#        G:\Socionext-24G-SensorSourceCode-sc1233-20200713\Debug\Obj\setup_distance_wide.o
#        G:\Socionext-24G-SensorSourceCode-sc1233-20200713\Debug\Obj\setup_fifo.o
#        G:\Socionext-24G-SensorSourceCode-sc1233-20200713\Debug\Obj\setup_fifo_fft_1rx_wide.o
#        G:\Socionext-24G-SensorSourceCode-sc1233-20200713\Debug\Obj\setup_fifo_fft_2rx_wide.o
#        G:\Socionext-24G-SensorSourceCode-sc1233-20200713\Debug\Obj\setup_fifo_iq_1rx_wide.o
#        G:\Socionext-24G-SensorSourceCode-sc1233-20200713\Debug\Obj\setup_fifo_iq_2rx_wide.o
#        G:\Socionext-24G-SensorSourceCode-sc1233-20200713\Debug\Obj\setup_motion.o
#        G:\Socionext-24G-SensorSourceCode-sc1233-20200713\Debug\Obj\setup_motion_wide.o
#        G:\Socionext-24G-SensorSourceCode-sc1233-20200713\Debug\Obj\stm32f0xx_hal.o
#        G:\Socionext-24G-SensorSourceCode-sc1233-20200713\Debug\Obj\stm32f0xx_hal_adc.o
#        G:\Socionext-24G-SensorSourceCode-sc1233-20200713\Debug\Obj\stm32f0xx_hal_adc_ex.o
#        G:\Socionext-24G-SensorSourceCode-sc1233-20200713\Debug\Obj\stm32f0xx_hal_can.o
#        G:\Socionext-24G-SensorSourceCode-sc1233-20200713\Debug\Obj\stm32f0xx_hal_cec.o
#        G:\Socionext-24G-SensorSourceCode-sc1233-20200713\Debug\Obj\stm32f0xx_hal_comp.o
#        G:\Socionext-24G-SensorSourceCode-sc1233-20200713\Debug\Obj\stm32f0xx_hal_cortex.o
#        G:\Socionext-24G-SensorSourceCode-sc1233-20200713\Debug\Obj\stm32f0xx_hal_crc.o
#        G:\Socionext-24G-SensorSourceCode-sc1233-20200713\Debug\Obj\stm32f0xx_hal_crc_ex.o
#        G:\Socionext-24G-SensorSourceCode-sc1233-20200713\Debug\Obj\stm32f0xx_hal_dac.o
#        G:\Socionext-24G-SensorSourceCode-sc1233-20200713\Debug\Obj\stm32f0xx_hal_dac_ex.o
#        G:\Socionext-24G-SensorSourceCode-sc1233-20200713\Debug\Obj\stm32f0xx_hal_dma.o
#        G:\Socionext-24G-SensorSourceCode-sc1233-20200713\Debug\Obj\stm32f0xx_hal_exti.o
#        G:\Socionext-24G-SensorSourceCode-sc1233-20200713\Debug\Obj\stm32f0xx_hal_flash.o
#        G:\Socionext-24G-SensorSourceCode-sc1233-20200713\Debug\Obj\stm32f0xx_hal_flash_ex.o
#        G:\Socionext-24G-SensorSourceCode-sc1233-20200713\Debug\Obj\stm32f0xx_hal_gpio.o
#        G:\Socionext-24G-SensorSourceCode-sc1233-20200713\Debug\Obj\stm32f0xx_hal_i2c.o
#        G:\Socionext-24G-SensorSourceCode-sc1233-20200713\Debug\Obj\stm32f0xx_hal_i2c_ex.o
#        G:\Socionext-24G-SensorSourceCode-sc1233-20200713\Debug\Obj\stm32f0xx_hal_i2s.o
#        G:\Socionext-24G-SensorSourceCode-sc1233-20200713\Debug\Obj\stm32f0xx_hal_irda.o
#        G:\Socionext-24G-SensorSourceCode-sc1233-20200713\Debug\Obj\stm32f0xx_hal_iwdg.o
#        G:\Socionext-24G-SensorSourceCode-sc1233-20200713\Debug\Obj\stm32f0xx_hal_msp.o
#        G:\Socionext-24G-SensorSourceCode-sc1233-20200713\Debug\Obj\stm32f0xx_hal_pcd.o
#        G:\Socionext-24G-SensorSourceCode-sc1233-20200713\Debug\Obj\stm32f0xx_hal_pcd_ex.o
#        G:\Socionext-24G-SensorSourceCode-sc1233-20200713\Debug\Obj\stm32f0xx_hal_pwr.o
#        G:\Socionext-24G-SensorSourceCode-sc1233-20200713\Debug\Obj\stm32f0xx_hal_pwr_ex.o
#        G:\Socionext-24G-SensorSourceCode-sc1233-20200713\Debug\Obj\stm32f0xx_hal_rcc.o
#        G:\Socionext-24G-SensorSourceCode-sc1233-20200713\Debug\Obj\stm32f0xx_hal_rcc_ex.o
#        G:\Socionext-24G-SensorSourceCode-sc1233-20200713\Debug\Obj\stm32f0xx_hal_rtc.o
#        G:\Socionext-24G-SensorSourceCode-sc1233-20200713\Debug\Obj\stm32f0xx_hal_rtc_ex.o
#        G:\Socionext-24G-SensorSourceCode-sc1233-20200713\Debug\Obj\stm32f0xx_hal_smartcard.o
#        G:\Socionext-24G-SensorSourceCode-sc1233-20200713\Debug\Obj\stm32f0xx_hal_smartcard_ex.o
#        G:\Socionext-24G-SensorSourceCode-sc1233-20200713\Debug\Obj\stm32f0xx_hal_smbus.o
#        G:\Socionext-24G-SensorSourceCode-sc1233-20200713\Debug\Obj\stm32f0xx_hal_spi.o
#        G:\Socionext-24G-SensorSourceCode-sc1233-20200713\Debug\Obj\stm32f0xx_hal_spi_ex.o
#        G:\Socionext-24G-SensorSourceCode-sc1233-20200713\Debug\Obj\stm32f0xx_hal_tim.o
#        G:\Socionext-24G-SensorSourceCode-sc1233-20200713\Debug\Obj\stm32f0xx_hal_tim_ex.o
#        G:\Socionext-24G-SensorSourceCode-sc1233-20200713\Debug\Obj\stm32f0xx_hal_tsc.o
#        G:\Socionext-24G-SensorSourceCode-sc1233-20200713\Debug\Obj\stm32f0xx_hal_uart.o
#        G:\Socionext-24G-SensorSourceCode-sc1233-20200713\Debug\Obj\stm32f0xx_hal_uart_ex.o
#        G:\Socionext-24G-SensorSourceCode-sc1233-20200713\Debug\Obj\stm32f0xx_hal_usart.o
#        G:\Socionext-24G-SensorSourceCode-sc1233-20200713\Debug\Obj\stm32f0xx_hal_usart_ex.o
#        G:\Socionext-24G-SensorSourceCode-sc1233-20200713\Debug\Obj\stm32f0xx_hal_wwdg.o
#        G:\Socionext-24G-SensorSourceCode-sc1233-20200713\Debug\Obj\stm32f0xx_it.o
#        G:\Socionext-24G-SensorSourceCode-sc1233-20200713\Debug\Obj\stm32f0xx_ll_adc.o
#        G:\Socionext-24G-SensorSourceCode-sc1233-20200713\Debug\Obj\stm32f0xx_ll_comp.o
#        G:\Socionext-24G-SensorSourceCode-sc1233-20200713\Debug\Obj\stm32f0xx_ll_crc.o
#        G:\Socionext-24G-SensorSourceCode-sc1233-20200713\Debug\Obj\stm32f0xx_ll_crs.o
#        G:\Socionext-24G-SensorSourceCode-sc1233-20200713\Debug\Obj\stm32f0xx_ll_dac.o
#        G:\Socionext-24G-SensorSourceCode-sc1233-20200713\Debug\Obj\stm32f0xx_ll_dma.o
#        G:\Socionext-24G-SensorSourceCode-sc1233-20200713\Debug\Obj\stm32f0xx_ll_exti.o
#        G:\Socionext-24G-SensorSourceCode-sc1233-20200713\Debug\Obj\stm32f0xx_ll_gpio.o
#        G:\Socionext-24G-SensorSourceCode-sc1233-20200713\Debug\Obj\stm32f0xx_ll_i2c.o
#        G:\Socionext-24G-SensorSourceCode-sc1233-20200713\Debug\Obj\stm32f0xx_ll_pwr.o
#        G:\Socionext-24G-SensorSourceCode-sc1233-20200713\Debug\Obj\stm32f0xx_ll_rcc.o
#        G:\Socionext-24G-SensorSourceCode-sc1233-20200713\Debug\Obj\stm32f0xx_ll_rtc.o
#        G:\Socionext-24G-SensorSourceCode-sc1233-20200713\Debug\Obj\stm32f0xx_ll_spi.o
#        G:\Socionext-24G-SensorSourceCode-sc1233-20200713\Debug\Obj\stm32f0xx_ll_tim.o
#        G:\Socionext-24G-SensorSourceCode-sc1233-20200713\Debug\Obj\stm32f0xx_ll_usart.o
#        G:\Socionext-24G-SensorSourceCode-sc1233-20200713\Debug\Obj\stm32f0xx_ll_usb.o
#        G:\Socionext-24G-SensorSourceCode-sc1233-20200713\Debug\Obj\stm32f0xx_ll_utils.o
#        G:\Socionext-24G-SensorSourceCode-sc1233-20200713\Debug\Obj\system_stm32f0xx.o
#        --no_out_extension -o
#        G:\Socionext-24G-SensorSourceCode-sc1233-20200713\Debug\Exe\radar_2d.out
#        --map
#        G:\Socionext-24G-SensorSourceCode-sc1233-20200713\Debug\List\radar_2d.map
#        --config
#        G:\Socionext-24G-SensorSourceCode-sc1233-20200713\radar_2d.icf
#        --semihosting --entry __iar_program_start --vfe --text_out locale)
#
###############################################################################

*******************************************************************************
*** RUNTIME MODEL ATTRIBUTES
***

CppFlavor        = *
__CPP_Exceptions = Disabled
__CPP_Language   = C++14
__Heap_Handler   = DLMalloc
__SystemLibrary  = DLib
__dlib_version   = 6


*******************************************************************************
*** HEAP SELECTION
***

The advanced heap was selected because the application calls memory
allocation functions outside of system library functions, and there
are calls to deallocation functions in the application.


*******************************************************************************
*** PLACEMENT SUMMARY
***

"A0":  place at address 0x800'0000 { ro section .intvec };
"P1":  place in [from 0x800'0000 to 0x801'ffff] { ro };
define block CSTACK with size = 1K, alignment = 8 { };
define block HEAP with size = 14K, alignment = 8 { };
"P2":  place in [from 0x2000'0000 to 0x2000'3fff] {
          rw, block CSTACK, block HEAP };
initialize by copy { rw };

  Section            Kind         Address    Size  Object
  -------            ----         -------    ----  ------
"A0":                                        0x40
  .intvec            ro code   0x800'0000    0x40  vector_table_M.o [4]
                             - 0x800'0040    0x40

"P1":                                      0xfd58
  .text              ro code   0x800'0040  0x16a4  dlmalloc.o [2]
  .text              ro code   0x800'16e4     0xa  abort.o [2]
  .rodata            const     0x800'16ee     0x2  rs24g_bin.o [1]
  .text              ro code   0x800'16f0    0x2c  xgetmemchunk.o [2]
  .text              ro code   0x800'171c    0x4e  ABImemcpy.o [4]
  .text              ro code   0x800'176a    0xae  I32DivModFast.o [4]
  .text              ro code   0x800'1818    0x52  ABImemset.o [4]
  .rodata            const     0x800'186a     0x2  rs24g_ctl_sc1233_version.o [1]
  .text              ro code   0x800'186c    0x14  exit.o [5]
  .text              ro code   0x800'1880     0x2  IntDivZer.o [4]
  .rodata            const     0x800'1882     0x2  rs24g_ctl_sc1233_version.o [1]
  .text              ro code   0x800'1884   0xd42  rs24g_bin.o [1]
  .text              ro code   0x800'25c6     0x8  heaptramp0.o [2]
  .rodata            const     0x800'25ce     0x2  rs24g_ctl_sc1233_version.o [1]
  .rodata            const     0x800'25d0   0xb20  setup_2d.o [1]
  .rodata            const     0x800'30f0   0xb20  setup_2d.o [1]
  .rodata            const     0x800'3c10   0xb20  setup_2d.o [1]
  .rodata            const     0x800'4730   0xb20  setup_distance_wide.o [1]
  .rodata            const     0x800'5250   0xb20  setup_distance_wide.o [1]
  .rodata            const     0x800'5d70   0xb20  setup_distance_wide.o [1]
  .rodata            const     0x800'6890   0xb20  setup_motion_wide.o [1]
  .rodata            const     0x800'73b0   0xb20  setup_motion_wide.o [1]
  .rodata            const     0x800'7ed0   0xb20  setup_motion_wide.o [1]
  .text              ro code   0x800'89f0   0x9d4  stm32f0xx_hal_spi.o [1]
  .text              ro code   0x800'93c4   0x16c  stm32f0xx_hal_msp.o [1]
  .text              ro code   0x800'9530     0xc  stm32f0xx_hal.o [1]
  .text              ro code   0x800'953c    0x14  memset.o [4]
  .text              ro code   0x800'9550   0x238  stm32f0xx_hal_gpio.o [1]
  .text              ro code   0x800'9788   0x748  stm32f0xx_hal_rcc.o [1]
  .text              ro code   0x800'9ed0    0x50  stm32f0xx_hal.o [1]
  .text              ro code   0x800'9f20   0x108  stm32f0xx_hal_cortex.o [1]
  .text              ro code   0x800'a028   0x50a  rs24g_ctl_base.o [1]
  .text              ro code   0x800'a532    0x10  rs_mutex.o [1]
  .rodata            const     0x800'a542     0x2  rs24g_ctl_sc1233_version.o [1]
  .text              ro code   0x800'a544    0x44  rs24g_bin_interface.o [1]
  .text              ro code   0x800'a588   0x1dc  rs_ctl_dev.o [1]
  .text              ro code   0x800'a764   0x292  rs_ctl_cmd.o [1]
  .rodata            const     0x800'a9f6     0x2  rs24g_ctl_setup_sc1233_version.o [1]
  .text              ro code   0x800'a9f8    0xbc  rs_ctl_cmd_sc1233.o [1]
  .text              ro code   0x800'aab4   0x15c  rs_ctl_op.o [1]
  .text              ro code   0x800'ac10    0x2c  rs_sleep.o [1]
  .text              ro code   0x800'ac3c   0x174  rs_ctl_data.o [1]
  .text              ro code   0x800'adb0     0x8  time_trampoline.o [2]
  .text              ro code   0x800'adb8   0x200  rs_ctl_dev_poc.o [1]
  .text              ro code   0x800'afb8    0x12  time.o [5]
  .rodata            const     0x800'afca     0x2  rs24g_ctl_setup_sc1233_version.o [1]
  .text              ro code   0x800'afcc    0x28  stm32f0xx_hal.o [1]
  .text              ro code   0x800'aff4   0x4b0  stm32f0xx_hal_uart.o [1]
  .text              ro code   0x800'b4a4   0x46c  setup_common.o [1]
  .text              ro code   0x800'b910   0x374  rs24g_ctl_setup.o [1]
  .text              ro code   0x800'bc84    0x34  IxxToDbl.o [3]
  .text              ro code   0x800'bcb8   0x184  DblMul.o [3]
  .text              ro code   0x800'be3c    0xc2  DblDiv.o [3]
  .rodata            const     0x800'befe     0x2  rs24g_ctl_setup_sc1233_version.o [1]
  .text              ro code   0x800'bf00   0x12c  round64.o [3]
  .text              ro code   0x800'c02c   0x1b4  DblAddSub.o [3]
  .text              ro code   0x800'c1e0    0x58  ceil.o [3]
  .text              ro code   0x800'c238    0x52  DblToI32.o [3]
  .rodata            const     0x800'c28a     0x2  rs24g_ctl_setup_sc1233_version.o [1]
  .text              ro code   0x800'c28c    0x58  floor.o [3]
  .text              ro code   0x800'c2e4   0x3ec  rs24g_code2.o [1]
  .text              ro code   0x800'c6d0   0x178  rs24g_code2_local.o [1]
  .text              ro code   0x800'c848   0x39c  rs24g_ctl_setup_range.o [1]
  .text              ro code   0x800'cbe4   0x372  logx64.o [3]
  .text              ro code   0x800'cf56     0x2  vector_table_M.o [4]
  .text              ro code   0x800'cf58   0x2b6  main.o [1]
  .rodata            const     0x800'd20e     0x1  rs24g_bin.o [1]
  .rodata            const     0x800'd20f     0x1  rs24g_bin.o [1]
  .text              ro code   0x800'd210    0x20  stm32f0xx_hal.o [1]
  .text              ro code   0x800'd230   0x158  rs24g_sample_sc1233.o [1]
  .text              ro code   0x800'd388   0x144  stm32f0xx_hal_rcc_ex.o [1]
  .text              ro code   0x800'd4cc    0xd4  stm32f0xx_hal_i2c.o [1]
  .text              ro code   0x800'd5a0    0xcc  stm32f0xx_hal_i2c_ex.o [1]
  .text              ro code   0x800'd66c   0x266  rs24g_ctl_setup_base.o [1]
  .rodata            const     0x800'd8d2     0x1  unwind_debug.o [5]
  .text              ro code   0x800'd8d4   0x17a  rs24g_ctl_distance.o [1]
  .text              ro code   0x800'da50    0x80  rs24g_ctl_sc1233_version.o [1]
  .text              ro code   0x800'dad0    0x80  rs24g_ctl_setup_sc1233_version.o [1]
  .text              ro code   0x800'db50    0x94  setup_motion.o [1]
  .text              ro code   0x800'dbe4    0x80  setup_distance.o [1]
  .text              ro code   0x800'dc64   0x194  setup_2d.o [1]
  .text              ro code   0x800'ddf8    0x20  setup_fifo.o [1]
  .text              ro code   0x800'de18   0x158  setup_motion_wide.o [1]
  .text              ro code   0x800'df70   0x188  setup_distance_wide.o [1]
  .text              ro code   0x800'e0f8    0xa6  setup_fifo_fft_1rx_wide.o [1]
  .text              ro code   0x800'e1a0    0xa6  setup_fifo_fft_2rx_wide.o [1]
  .text              ro code   0x800'e248    0xa6  setup_fifo_iq_1rx_wide.o [1]
  .text              ro code   0x800'e2f0    0xa6  setup_fifo_iq_2rx_wide.o [1]
  .text              ro code   0x800'e396    0xae  setup_bin.o [1]
  .text              ro code   0x800'e444   0x19e  rs24g_ctl_common.o [1]
  .text              ro code   0x800'e5e2    0x4e  rs_ctl_sensor_data.o [1]
  .rodata            const     0x800'e630   0x100  setup_2d.o [1]
  .rodata            const     0x800'e730   0x100  setup_2d.o [1]
  .rodata            const     0x800'e830   0x100  setup_2d.o [1]
  .rodata            const     0x800'e930   0x100  setup_distance_wide.o [1]
  .rodata            const     0x800'ea30   0x100  setup_distance_wide.o [1]
  .rodata            const     0x800'eb30   0x100  setup_distance_wide.o [1]
  .rodata            const     0x800'ec30   0x100  setup_motion_wide.o [1]
  .rodata            const     0x800'ed30   0x100  setup_motion_wide.o [1]
  .rodata            const     0x800'ee30   0x100  setup_motion_wide.o [1]
  .rodata            const     0x800'ef30    0xdc  setup_motion_wide.o [1]
  .rodata            const     0x800'f00c    0xdc  setup_motion_wide.o [1]
  .rodata            const     0x800'f0e8    0xdc  setup_motion_wide.o [1]
  .rodata            const     0x800'f1c4    0xd8  setup_2d.o [1]
  .rodata            const     0x800'f29c    0xd8  setup_2d.o [1]
  .rodata            const     0x800'f374    0xd8  setup_2d.o [1]
  .rodata            const     0x800'f44c    0xd8  setup_distance_wide.o [1]
  .rodata            const     0x800'f524    0xd8  setup_distance_wide.o [1]
  .rodata            const     0x800'f5fc    0xd8  setup_distance_wide.o [1]
  .rodata            const     0x800'f6d4    0x70  setup_motion_wide.o [1]
  .rodata            const     0x800'f744    0x70  setup_motion_wide.o [1]
  .rodata            const     0x800'f7b4    0x70  setup_motion_wide.o [1]
  .rodata            const     0x800'f824    0x6c  setup_2d.o [1]
  .rodata            const     0x800'f890    0x6c  setup_2d.o [1]
  .rodata            const     0x800'f8fc    0x6c  setup_2d.o [1]
  .rodata            const     0x800'f968    0x6c  setup_distance_wide.o [1]
  .rodata            const     0x800'f9d4    0x6c  setup_distance_wide.o [1]
  .rodata            const     0x800'fa40    0x6c  setup_distance_wide.o [1]
  .text              ro code   0x800'faac    0x3c  zero_init3.o [4]
  .text              ro code   0x800'fae8    0x30  copy_init3.o [4]
  .text              ro code   0x800'fb18    0x28  data_init.o [4]
  .iar.init_table    const     0x800'fb40    0x24  - Linker created -
  .rodata            const     0x800'fb64    0x20  setup_2d.o [1]
  .rodata            const     0x800'fb84    0x20  setup_2d.o [1]
  .rodata            const     0x800'fba4    0x20  setup_2d.o [1]
  .rodata            const     0x800'fbc4    0x20  setup_distance_wide.o [1]
  .rodata            const     0x800'fbe4    0x20  setup_distance_wide.o [1]
  .rodata            const     0x800'fc04    0x20  setup_distance_wide.o [1]
  .rodata            const     0x800'fc24    0x20  setup_motion_wide.o [1]
  .rodata            const     0x800'fc44    0x20  setup_motion_wide.o [1]
  .rodata            const     0x800'fc64    0x20  setup_motion_wide.o [1]
  .text              ro code   0x800'fc84    0x1e  cmain.o [4]
  .text              ro code   0x800'fca2     0x4  low_level_init.o [2]
  .text              ro code   0x800'fca6     0x8  exit.o [2]
  .text              ro code   0x800'fcb0     0xa  cexit.o [4]
  .rodata            const     0x800'fcbc    0x1c  rs24g_ctl_distance.o [1]
  .text              ro code   0x800'fcd8    0x18  stm32f0xx_hal.o [1]
  .text              ro code   0x800'fcf0    0x12  stm32f0xx_it.o [1]
  .rodata            const     0x800'fd04    0x10  stm32f0xx_hal_rcc.o [1]
  .rodata            const     0x800'fd14    0x10  stm32f0xx_hal_rcc.o [1]
  .rodata            const     0x800'fd24    0x10  system_stm32f0xx.o [1]
  .rodata            const     0x800'fd34     0xc  rs24g_ctl_setup_range.o [1]
  .rodata            const     0x800'fd40     0xc  rs24g_ctl_setup_range.o [1]
  .rodata            const     0x800'fd4c     0xc  rs24g_ctl_setup_range.o [1]
  .text              ro code   0x800'fd58     0xc  cstartup_M.o [4]
  Initializer bytes  const     0x800'fd64     0xc  <for P2-1>
  .rodata            const     0x800'fd70     0x8  rs24g_ctl_setup_range.o [1]
  .rodata            const     0x800'fd78     0x8  rs24g_ctl_setup_range.o [1]
  .rodata            const     0x800'fd80     0x8  system_stm32f0xx.o [1]
  .rodata            const     0x800'fd88     0x4  rs24g_bin.o [1]
  .rodata            const     0x800'fd8c     0x4  rs24g_bin.o [1]
  .rodata            const     0x800'fd90     0x4  rs24g_bin.o [1]
  .rodata            const     0x800'fd94     0x4  rs24g_bin.o [1]
  .rodata            const     0x800'fd98     0x0  zero_init3.o [4]
  .rodata            const     0x800'fd98     0x0  copy_init3.o [4]
                             - 0x800'fd98  0xfd58

"P2", part 1 of 3:                            0xc
  P2-1                        0x2000'0000     0x9  <Init block>
    .data            inited   0x2000'0000     0x4  stm32f0xx_hal.o [1]
    .data            inited   0x2000'0004     0x4  system_stm32f0xx.o [1]
    .data            inited   0x2000'0008     0x1  stm32f0xx_hal.o [1]
                            - 0x2000'0009     0x9

"P2", part 2 of 3:                          0x334
  .bss               zero     0x2000'000c   0x1d8  dlmalloc.o [2]
  .bss               zero     0x2000'01e4    0x80  rs_ctl_dev_poc.o [1]
  .bss               zero     0x2000'0264    0x64  rs_ctl_dev_poc.o [1]
  .bss               zero     0x2000'02c8    0x4c  rs_ctl_dev_poc.o [1]
  .bss               zero     0x2000'0314    0x18  dlmalloc.o [2]
  .bss               zero     0x2000'032c     0x4  rs_ctl_cmd_sc1233.o [1]
  .bss               zero     0x2000'0330     0x4  rs_ctl_dev_poc.o [1]
  .bss               zero     0x2000'0334     0x4  rs_ctl_dev_poc.o [1]
  .bss               zero     0x2000'0338     0x4  stm32f0xx_hal.o [1]
  .bss               zero     0x2000'033c     0x4  xgetmemchunk.o [2]
                            - 0x2000'0340   0x334

"P2", part 3 of 3:                         0x3c00
  CSTACK                      0x2000'0340   0x400  <Block>
    CSTACK           uninit   0x2000'0340   0x400  <Block tail>
  HEAP                        0x2000'0740  0x3800  <Block>
    HEAP             uninit   0x2000'0740  0x3800  <Block tail>
                            - 0x2000'3f40  0x3c00

Unused ranges:

         From           To      Size
         ----           --      ----
   0x800'fd98   0x801'ffff  0x1'0268
  0x2000'3f40  0x2000'3fff      0xc0


*******************************************************************************
*** INIT TABLE
***

          Address      Size
          -------      ----
Zero (__iar_zero_init3)
    1 destination range, total size 0x334:
          0x2000'000c  0x334

Copy (__iar_copy_init3)
    1 source range, total size 0xc (133% of destination):
           0x800'fd64    0xc
    1 destination range, total size 0x9:
          0x2000'0000    0x9



*******************************************************************************
*** MODULE SUMMARY
***

    Module                            ro code  ro data  rw data
    ------                            -------  -------  -------
command line/config:
    -----------------------------------------------------------
    Total:

G:\Socionext-24G-SensorSourceCode-sc1233-20200713\Debug\Obj: [1]
    main.o                                694
    rs24g_bin.o                         3'394       20
    rs24g_bin_interface.o                  68
    rs24g_code2.o                       1'004
    rs24g_code2_local.o                   376
    rs24g_ctl_base.o                    1'290
    rs24g_ctl_common.o                    414
    rs24g_ctl_distance.o                  378       28
    rs24g_ctl_sc1233_version.o            128        8
    rs24g_ctl_setup.o                     884
    rs24g_ctl_setup_base.o                614
    rs24g_ctl_setup_range.o               924       52
    rs24g_ctl_setup_sc1233_version.o      128        8
    rs24g_sample_sc1233.o                 344
    rs_ctl_cmd.o                          658
    rs_ctl_cmd_sc1233.o                   188                 4
    rs_ctl_data.o                         372
    rs_ctl_dev.o                          476
    rs_ctl_dev_poc.o                      512               312
    rs_ctl_op.o                           348
    rs_ctl_sensor_data.o                   78
    rs_mutex.o                             16
    rs_sleep.o                             44
    setup_2d.o                            404   10'380
    setup_bin.o                           174
    setup_common.o                      1'132
    setup_distance.o                      128
    setup_distance_wide.o                 392   10'380
    setup_fifo.o                           32
    setup_fifo_fft_1rx_wide.o             166
    setup_fifo_fft_2rx_wide.o             166
    setup_fifo_iq_1rx_wide.o              166
    setup_fifo_iq_2rx_wide.o              166
    setup_motion.o                        148
    setup_motion_wide.o                   344   10'404
    stm32f0xx_hal.o                       188        5        9
    stm32f0xx_hal_cortex.o                264
    stm32f0xx_hal_gpio.o                  568
    stm32f0xx_hal_i2c.o                   212
    stm32f0xx_hal_i2c_ex.o                204
    stm32f0xx_hal_msp.o                   364
    stm32f0xx_hal_rcc.o                 1'864       32
    stm32f0xx_hal_rcc_ex.o                324
    stm32f0xx_hal_spi.o                 2'516
    stm32f0xx_hal_uart.o                1'200
    stm32f0xx_it.o                         18
    system_stm32f0xx.o                              28        4
    -----------------------------------------------------------
    Total:                             24'472   31'345      329

dl6M_tln.a: [2]
    abort.o                                10
    dlmalloc.o                          5'796               496
    exit.o                                  8
    heaptramp0.o                            8
    low_level_init.o                        4
    time_trampoline.o                       8
    xgetmemchunk.o                         44                 4
    -----------------------------------------------------------
    Total:                              5'878               500

m6M_tl.a: [3]
    DblAddSub.o                           436
    DblDiv.o                              194
    DblMul.o                              388
    DblToI32.o                             82
    IxxToDbl.o                             52
    ceil.o                                 88
    floor.o                                88
    logx64.o                              882
    round64.o                             300
    -----------------------------------------------------------
    Total:                              2'510

rt6M_tl.a: [4]
    ABImemcpy.o                            78
    ABImemset.o                            82
    I32DivModFast.o                       174
    IntDivZer.o                             2
    cexit.o                                10
    cmain.o                                30
    copy_init3.o                           48
    cstartup_M.o                           12
    data_init.o                            40
    memset.o                               20
    vector_table_M.o                       66
    zero_init3.o                           60
    -----------------------------------------------------------
    Total:                                622

shb_l.a: [5]
    exit.o                                 20
    time.o                                 18
    unwind_debug.o                                   1
    -----------------------------------------------------------
    Total:                                 38        1

    Gaps                                   11        4
    Linker created                                  39   15'360
---------------------------------------------------------------
    Grand Total:                       33'531   31'389   16'189


*******************************************************************************
*** ENTRY LIST
***

Entry                       Address   Size  Type      Object
-----                       -------   ----  ----      ------
.iar.init_table$$Base    0x800'fb40          --   Gb  - Linker created -
.iar.init_table$$Limit   0x800'fb64          --   Gb  - Linker created -
?main                    0x800'fc85         Code  Gb  cmain.o [4]
AHBPrescTable            0x800'fd24   0x10  Data  Gb  system_stm32f0xx.o [1]
APBPrescTable            0x800'fd80    0x8  Data  Gb  system_stm32f0xx.o [1]
CSTACK$$Base            0x2000'0340          --   Gb  - Linker created -
CSTACK$$Limit           0x2000'0740          --   Gb  - Linker created -
Error_Handler            0x800'd20d    0x2  Code  Gb  main.o [1]
HAL_Delay                0x800'afcd   0x28  Code  Wk  stm32f0xx_hal.o [1]
HAL_GPIO_Init            0x800'9551  0x1e2  Code  Gb  stm32f0xx_hal_gpio.o [1]
HAL_GPIO_ReadPin         0x800'974d   0x16  Code  Gb  stm32f0xx_hal_gpio.o [1]
HAL_GPIO_WritePin        0x800'9763   0x14  Code  Gb  stm32f0xx_hal_gpio.o [1]
HAL_GetTick              0x800'9531    0xc  Code  Wk  stm32f0xx_hal.o [1]
HAL_I2CEx_ConfigAnalogFilter
                         0x800'd5a1   0x64  Code  Gb  stm32f0xx_hal_i2c_ex.o [1]
HAL_I2CEx_ConfigDigitalFilter
                         0x800'd605   0x5e  Code  Gb  stm32f0xx_hal_i2c_ex.o [1]
HAL_I2C_Init             0x800'd4cd   0xc6  Code  Gb  stm32f0xx_hal_i2c.o [1]
HAL_I2C_MspInit          0x800'93f1   0x5e  Code  Gb  stm32f0xx_hal_msp.o [1]
HAL_IncTick              0x800'fcd9   0x18  Code  Wk  stm32f0xx_hal.o [1]
HAL_Init                 0x800'd211   0x1a  Code  Gb  stm32f0xx_hal.o [1]
HAL_InitTick             0x800'9ed1   0x50  Code  Wk  stm32f0xx_hal.o [1]
HAL_MspInit              0x800'93c5   0x2c  Code  Gb  stm32f0xx_hal_msp.o [1]
HAL_NVIC_EnableIRQ       0x800'9ffd    0xa  Code  Gb  stm32f0xx_hal_cortex.o [1]
HAL_NVIC_SetPriority     0x800'9ff3    0xa  Code  Gb  stm32f0xx_hal_cortex.o [1]
HAL_RCCEx_PeriphCLKConfig
                         0x800'd389  0x120  Code  Gb  stm32f0xx_hal_rcc_ex.o [1]
HAL_RCC_ClockConfig      0x800'9ca1  0x13a  Code  Gb  stm32f0xx_hal_rcc.o [1]
HAL_RCC_GetHCLKFreq      0x800'9e7b    0x6  Code  Gb  stm32f0xx_hal_rcc.o [1]
HAL_RCC_GetPCLK1Freq     0x800'9e85   0x18  Code  Gb  stm32f0xx_hal_rcc.o [1]
HAL_RCC_GetSysClockFreq
                         0x800'9ded   0x8e  Code  Gb  stm32f0xx_hal_rcc.o [1]
HAL_RCC_OscConfig        0x800'9789  0x504  Code  Gb  stm32f0xx_hal_rcc.o [1]
HAL_SPI_Init             0x800'89f1   0xd0  Code  Gb  stm32f0xx_hal_spi.o [1]
HAL_SPI_MspInit          0x800'944f   0x60  Code  Gb  stm32f0xx_hal_msp.o [1]
HAL_SPI_Receive          0x800'8cb5  0x1cc  Code  Gb  stm32f0xx_hal_spi.o [1]
HAL_SPI_Transmit         0x800'8ac1  0x1ea  Code  Gb  stm32f0xx_hal_spi.o [1]
HAL_SPI_TransmitReceive
                         0x800'8e89  0x2ec  Code  Gb  stm32f0xx_hal_spi.o [1]
HAL_SYSTICK_Config       0x800'a007    0x8  Code  Gb  stm32f0xx_hal_cortex.o [1]
HAL_UART_Init            0x800'aff5   0x7a  Code  Gb  stm32f0xx_hal_uart.o [1]
HAL_UART_MspInit         0x800'94af   0x64  Code  Gb  stm32f0xx_hal_msp.o [1]
HEAP$$Base              0x2000'0740          --   Gb  - Linker created -
HEAP$$Limit             0x2000'3f40          --   Gb  - Linker created -
HardFault_Handler        0x800'fcf3    0x4  Code  Gb  stm32f0xx_it.o [1]
MX_GPIO_Init             0x800'd0fb   0xdc  Code  Lc  main.o [1]
MX_I2C1_Init             0x800'd03b   0x4e  Code  Lc  main.o [1]
MX_SPI1_Init             0x800'd089   0x42  Code  Lc  main.o [1]
MX_USART1_UART_Init      0x800'd0cb   0x30  Code  Lc  main.o [1]
NMI_Handler              0x800'fcf1    0x2  Code  Gb  stm32f0xx_it.o [1]
PendSV_Handler           0x800'fcf9    0x2  Code  Gb  stm32f0xx_it.o [1]
Region$$Table$$Base      0x800'fb40          --   Gb  - Linker created -
Region$$Table$$Limit     0x800'fb64          --   Gb  - Linker created -
SPI_EndRxTransaction     0x800'92cd   0x8e  Code  Lc  stm32f0xx_hal_spi.o [1]
SPI_EndRxTxTransaction   0x800'935b   0x6a  Code  Lc  stm32f0xx_hal_spi.o [1]
SPI_WaitFifoStateUntilTimeout
                         0x800'921f   0xa8  Code  Lc  stm32f0xx_hal_spi.o [1]
SPI_WaitFlagStateUntilTimeout
                         0x800'917d   0xa2  Code  Lc  stm32f0xx_hal_spi.o [1]
SVC_Handler              0x800'fcf7    0x2  Code  Gb  stm32f0xx_it.o [1]
SysTick_Config           0x800'9fc3   0x30  Code  Lc  stm32f0xx_hal_cortex.o [1]
SysTick_Handler          0x800'fcfb    0x8  Code  Gb  stm32f0xx_it.o [1]
SystemClock_Config       0x800'cfc7   0x74  Code  Gb  main.o [1]
SystemCoreClock         0x2000'0004    0x4  Data  Gb  system_stm32f0xx.o [1]
UART_AdvFeatureConfig    0x800'b271   0xde  Code  Gb  stm32f0xx_hal_uart.o [1]
UART_CheckIdleState      0x800'b35d   0x60  Code  Gb  stm32f0xx_hal_uart.o [1]
UART_SetConfig           0x800'b075  0x1f0  Code  Gb  stm32f0xx_hal_uart.o [1]
UART_WaitOnFlagUntilTimeout
                         0x800'b3c5   0xa8  Code  Gb  stm32f0xx_hal_uart.o [1]
_Main                    0x800'd315   0x74  Code  Gb  rs24g_sample_sc1233.o [1]
__ICFEDIT_region_RAM_end__ {Abs}
                        0x2000'3fff         Data  Gb  <internal module>
__ICFEDIT_region_RAM_start__ {Abs}
                        0x2000'0000         Data  Gb  <internal module>
__NVIC_EnableIRQ         0x800'9f21   0x18  Code  Lc  stm32f0xx_hal_cortex.o [1]
__NVIC_SetPriority       0x800'9f39   0x8a  Code  Lc  stm32f0xx_hal_cortex.o [1]
__aeabi_d2iz             0x800'c239         Code  Gb  DblToI32.o [3]
__aeabi_d2uiz            0x800'c25d         Code  Gb  DblToI32.o [3]
__aeabi_dadd             0x800'c02d         Code  Gb  DblAddSub.o [3]
__aeabi_ddiv             0x800'be3d         Code  Gb  DblDiv.o [3]
__aeabi_dmul             0x800'bcb9         Code  Gb  DblMul.o [3]
__aeabi_dsub             0x800'c0f3         Code  Gb  DblAddSub.o [3]
__aeabi_i2d              0x800'bca5         Code  Gb  IxxToDbl.o [3]
__aeabi_idiv0            0x800'1881         Code  Gb  IntDivZer.o [4]
__aeabi_memclr           0x800'1839         Code  Gb  ABImemset.o [4]
__aeabi_memcpy           0x800'1751         Code  Gb  ABImemcpy.o [4]
__aeabi_memcpy4          0x800'171d         Code  Gb  ABImemcpy.o [4]
__aeabi_memcpy8          0x800'171d         Code  Gb  ABImemcpy.o [4]
__aeabi_memset           0x800'1819         Code  Gb  ABImemset.o [4]
__aeabi_ui2d             0x800'bc85         Code  Gb  IxxToDbl.o [3]
__aeabi_uidiv            0x800'176b         Code  Gb  I32DivModFast.o [4]
__aeabi_uidivmod         0x800'176b         Code  Gb  I32DivModFast.o [4]
__cmain                  0x800'fc85         Code  Gb  cmain.o [4]
__data_GetMemChunk       0x800'16f1   0x2c  Code  Gb  xgetmemchunk.o [2]
__data_GetMemChunk::start
                        0x2000'033c    0x4  Data  Lc  xgetmemchunk.o [2]
__exit                   0x800'186d   0x14  Code  Gb  exit.o [5]
__iar_Log64              0x800'cbe5  0x2ba  Code  Lc  logx64.o [3]
__iar_Memcpy             0x800'175d         Code  Gb  ABImemcpy.o [4]
__iar_Memset4_word       0x800'183d         Code  Gb  ABImemset.o [4]
__iar_Memset_word        0x800'1825         Code  Gb  ABImemset.o [4]
__iar_ceil64             0x800'c1e1         Code  Gb  ceil.o [3]
__iar_copy_init3         0x800'fae9   0x30  Code  Gb  copy_init3.o [4]
__iar_d2uiz              0x800'c261         Code  Gb  DblToI32.o [3]
__iar_data_init3         0x800'fb19   0x28  Code  Gb  data_init.o [4]
__iar_debug_exceptions   0x800'd8d2    0x1  Data  Gb  unwind_debug.o [5]
__iar_dlcalloc           0x800'169d   0x48  Code  Gb  dlmalloc.o [2]
__iar_dlfree             0x800'10b5  0x5de  Code  Gb  dlmalloc.o [2]
__iar_dlmalloc           0x800'00cd  0xfda  Code  Gb  dlmalloc.o [2]
__iar_floor64            0x800'c28d         Code  Gb  floor.o [3]
__iar_log10_64           0x800'cf4d    0xa  Code  Gb  logx64.o [3]
__iar_log10_medium       0x800'cf4d    0xa  Code  Gb  logx64.o [3]
__iar_log10_medium64     0x800'cf4d    0xa  Code  Gb  logx64.o [3]
__iar_log10_mediuml      0x800'cf4d    0xa  Code  Gb  logx64.o [3]
__iar_program_start      0x800'fd59         Code  Gb  cstartup_M.o [4]
__iar_round64            0x800'bf01  0x12c  Code  Gb  round64.o [3]
__iar_zero_init3         0x800'faad   0x3c  Code  Gb  zero_init3.o [4]
__low_level_init         0x800'fca3    0x4  Code  Gb  low_level_init.o [2]
__time32                 0x800'afb9   0x12  Code  Gb  time.o [5]
__vector_table           0x800'0000         Data  Gb  vector_table_M.o [4]
_call_main               0x800'fc91         Code  Gb  cmain.o [4]
_exit                    0x800'fcb1         Code  Gb  cexit.o [4]
_gm_                    0x2000'000c  0x1d8  Data  Lc  dlmalloc.o [2]
_main                    0x800'fc9f         Code  Gb  cmain.o [4]
abort                    0x800'16e5    0xa  Code  Gb  abort.o [2]
add_section              0x800'1c8d   0x22  Code  Lc  rs24g_bin.o [1]
bin_getcode              0x800'e397   0x86  Code  Gb  setup_bin.o [1]
bin_getmode              0x800'e41d   0x28  Code  Gb  setup_bin.o [1]
bload16                  0x800'195f   0x38  Code  Lc  rs24g_bin.o [1]
bload16                  0x800'c2e5   0x38  Code  Lc  rs24g_code2.o [1]
bload16a                 0x800'c39f   0x2c  Code  Lc  rs24g_code2.o [1]
bload32                  0x800'1997   0x50  Code  Lc  rs24g_bin.o [1]
bload32                  0x800'c31d   0x50  Code  Lc  rs24g_code2.o [1]
bload32a                 0x800'c3cb   0x2c  Code  Lc  rs24g_code2.o [1]
bload32s                 0x800'c3f7    0x8  Code  Lc  rs24g_code2.o [1]
bload8                   0x800'193b   0x24  Code  Lc  rs24g_bin.o [1]
bload8a                  0x800'19e7   0x32  Code  Lc  rs24g_bin.o [1]
bload8a                  0x800'c36d   0x32  Code  Lc  rs24g_code2.o [1]
bsave16                  0x800'18a7   0x2c  Code  Lc  rs24g_bin.o [1]
bsave32                  0x800'18d3   0x36  Code  Lc  rs24g_bin.o [1]
bsave8                   0x800'1885   0x22  Code  Lc  rs24g_bin.o [1]
bsave8a                  0x800'1909   0x32  Code  Lc  rs24g_bin.o [1]
ceil                     0x800'c1e1         Code  Gb  ceil.o [3]
ceill                    0x800'c1e1         Code  Gb  ceil.o [3]
check_header             0x800'1a63   0x6e  Code  Lc  rs24g_bin.o [1]
choice_chirp_time        0x800'fd40    0xc  Data  Lc  rs24g_ctl_setup_range.o [1]
choice_digital_beam_shaper
                         0x800'fd78    0x8  Data  Lc  rs24g_ctl_setup_range.o [1]
choice_distance_step     0x800'fd4c    0xc  Data  Lc  rs24g_ctl_setup_range.o [1]
choice_high_pass_filter
                         0x800'fd70    0x8  Data  Lc  rs24g_ctl_setup_range.o [1]
choice_rx_gain           0x800'fd34    0xc  Data  Lc  rs24g_ctl_setup_range.o [1]
conv_power               0x800'e51d   0x2c  Code  Lc  rs24g_ctl_common.o [1]
data_section_header_size
                         0x800'fd94    0x4  Data  Lc  rs24g_bin.o [1]
distance_init            0x800'dbe5   0x28  Code  Gb  setup_distance.o [1]
distance_mode            0x800'd231   0xde  Code  Gb  rs24g_sample_sc1233.o [1]
distance_range           0x800'e4db   0x42  Code  Lc  rs24g_ctl_common.o [1]
distance_wide_getcode    0x800'df71  0x126  Code  Gb  setup_distance_wide.o [1]
distance_wide_update_param
                         0x800'e0bd   0x3c  Code  Gb  setup_distance_wide.o [1]
effective_chirp_bandwidth
                         0x800'b63f   0x18  Code  Gb  setup_common.o [1]
exit                     0x800'fca7    0x8  Code  Gb  exit.o [2]
fifo_fft_1rx_wide_getcode
                         0x800'e0f9   0x70  Code  Gb  setup_fifo_fft_1rx_wide.o [1]
fifo_fft_1rx_wide_update_param
                         0x800'e17d   0x22  Code  Gb  setup_fifo_fft_1rx_wide.o [1]
fifo_fft_2rx_wide_getcode
                         0x800'e1a1   0x70  Code  Gb  setup_fifo_fft_2rx_wide.o [1]
fifo_fft_2rx_wide_update_param
                         0x800'e225   0x22  Code  Gb  setup_fifo_fft_2rx_wide.o [1]
fifo_init                0x800'ddf9   0x20  Code  Gb  setup_fifo.o [1]
fifo_iq_1rx_wide_getcode
                         0x800'e249   0x70  Code  Gb  setup_fifo_iq_1rx_wide.o [1]
fifo_iq_1rx_wide_update_param
                         0x800'e2cd   0x22  Code  Gb  setup_fifo_iq_1rx_wide.o [1]
fifo_iq_2rx_wide_getcode
                         0x800'e2f1   0x70  Code  Gb  setup_fifo_iq_2rx_wide.o [1]
fifo_iq_2rx_wide_update_param
                         0x800'e375   0x22  Code  Gb  setup_fifo_iq_2rx_wide.o [1]
floor                    0x800'c28d         Code  Gb  floor.o [3]
floorl                   0x800'c28d         Code  Gb  floor.o [3]
free                     0x800'25c7    0x8  Code  Gb  heaptramp0.o [2]
free_data_section        0x800'1a19   0x18  Code  Lc  rs24g_bin.o [1]
free_general_section     0x800'1a31   0x18  Code  Lc  rs24g_bin.o [1]
free_section             0x800'1a49   0x1a  Code  Lc  rs24g_bin.o [1]
get_data_section_size    0x800'1ad1   0x18  Code  Lc  rs24g_bin.o [1]
get_devdata              0x800'e445   0x96  Code  Gb  rs24g_ctl_common.o [1]
get_distance_data        0x800'e555   0x8e  Code  Gb  rs24g_ctl_common.o [1]
get_expected_crc         0x800'b9a5   0x2a  Code  Lc  rs24g_ctl_setup.o [1]
header_magic             0x800'd20e    0x1  Data  Lc  rs24g_bin.o [1]
header_reserved1         0x800'd20f    0x1  Data  Lc  rs24g_bin.o [1]
header_reserved2         0x800'fd8c    0x4  Data  Lc  rs24g_bin.o [1]
header_reserved3         0x800'16ee    0x2  Data  Lc  rs24g_bin.o [1]
header_size              0x800'fd88    0x4  Data  Lc  rs24g_bin.o [1]
hi2c1                   0x2000'02c8   0x4c  Data  Gb  rs_ctl_dev_poc.o [1]
hspi1                   0x2000'0264   0x64  Data  Gb  rs_ctl_dev_poc.o [1]
huart1                  0x2000'01e4   0x80  Data  Gb  rs_ctl_dev_poc.o [1]
init_mparams             0x800'005d   0x2a  Code  Lc  dlmalloc.o [2]
init_top                 0x800'0087   0x38  Code  Lc  dlmalloc.o [2]
is_detect_triggered     0x2000'0334    0x4  Data  Gb  rs_ctl_dev_poc.o [1]
is_or_triggered         0x2000'0330    0x4  Data  Gb  rs_ctl_dev_poc.o [1]
load_data_section        0x800'1b91   0x7e  Code  Lc  rs24g_bin.o [1]
load_general_section     0x800'1c31   0x5c  Code  Lc  rs24g_bin.o [1]
load_sections            0x800'1d2b  0x120  Code  Lc  rs24g_bin.o [1]
log10                    0x800'cf4d    0xa  Code  Gb  logx64.o [3]
log10l                   0x800'cf4d    0xa  Code  Gb  logx64.o [3]
main                     0x800'cf59   0x6e  Code  Gb  main.o [1]
memset                   0x800'953d   0x14  Code  Gb  memset.o [4]
mode_2d_getcode          0x800'dc8b  0x112  Code  Gb  setup_2d.o [1]
mode_2d_init             0x800'dc65   0x26  Code  Gb  setup_2d.o [1]
mode_2d_normal_50db_220us
                         0x800'fb64   0x20  Data  Lc  setup_2d.o [1]
mode_2d_normal_50db_220us_fftwin
                         0x800'e630  0x100  Data  Lc  setup_2d.o [1]
mode_2d_normal_50db_220us_regaddr
                         0x800'f824   0x6c  Data  Lc  setup_2d.o [1]
mode_2d_normal_50db_220us_regval
                         0x800'f1c4   0xd8  Data  Lc  setup_2d.o [1]
mode_2d_normal_50db_220us_seq
                         0x800'25d0  0xb20  Data  Lc  setup_2d.o [1]
mode_2d_normal_60db_1100us
                         0x800'fb84   0x20  Data  Lc  setup_2d.o [1]
mode_2d_normal_60db_1100us_fftwin
                         0x800'e730  0x100  Data  Lc  setup_2d.o [1]
mode_2d_normal_60db_1100us_regaddr
                         0x800'f890   0x6c  Data  Lc  setup_2d.o [1]
mode_2d_normal_60db_1100us_regval
                         0x800'f29c   0xd8  Data  Lc  setup_2d.o [1]
mode_2d_normal_60db_1100us_seq
                         0x800'30f0  0xb20  Data  Lc  setup_2d.o [1]
mode_2d_normal_60db_220us
                         0x800'fba4   0x20  Data  Lc  setup_2d.o [1]
mode_2d_normal_60db_220us_fftwin
                         0x800'e830  0x100  Data  Lc  setup_2d.o [1]
mode_2d_normal_60db_220us_regaddr
                         0x800'f8fc   0x6c  Data  Lc  setup_2d.o [1]
mode_2d_normal_60db_220us_regval
                         0x800'f374   0xd8  Data  Lc  setup_2d.o [1]
mode_2d_normal_60db_220us_seq
                         0x800'3c10  0xb20  Data  Lc  setup_2d.o [1]
mode_2d_update_param     0x800'ddbd   0x3c  Code  Gb  setup_2d.o [1]
mode_distance_wide_normal_50db_220us
                         0x800'fbc4   0x20  Data  Lc  setup_distance_wide.o [1]
mode_distance_wide_normal_50db_220us_fftwin
                         0x800'e930  0x100  Data  Lc  setup_distance_wide.o [1]
mode_distance_wide_normal_50db_220us_regaddr
                         0x800'f968   0x6c  Data  Lc  setup_distance_wide.o [1]
mode_distance_wide_normal_50db_220us_regval
                         0x800'f44c   0xd8  Data  Lc  setup_distance_wide.o [1]
mode_distance_wide_normal_50db_220us_seq
                         0x800'4730  0xb20  Data  Lc  setup_distance_wide.o [1]
mode_distance_wide_normal_60db_1100us
                         0x800'fbe4   0x20  Data  Lc  setup_distance_wide.o [1]
mode_distance_wide_normal_60db_1100us_fftwin
                         0x800'ea30  0x100  Data  Lc  setup_distance_wide.o [1]
mode_distance_wide_normal_60db_1100us_regaddr
                         0x800'f9d4   0x6c  Data  Lc  setup_distance_wide.o [1]
mode_distance_wide_normal_60db_1100us_regval
                         0x800'f524   0xd8  Data  Lc  setup_distance_wide.o [1]
mode_distance_wide_normal_60db_1100us_seq
                         0x800'5250  0xb20  Data  Lc  setup_distance_wide.o [1]
mode_distance_wide_normal_60db_220us
                         0x800'fc04   0x20  Data  Lc  setup_distance_wide.o [1]
mode_distance_wide_normal_60db_220us_fftwin
                         0x800'eb30  0x100  Data  Lc  setup_distance_wide.o [1]
mode_distance_wide_normal_60db_220us_regaddr
                         0x800'fa40   0x6c  Data  Lc  setup_distance_wide.o [1]
mode_distance_wide_normal_60db_220us_regval
                         0x800'f5fc   0xd8  Data  Lc  setup_distance_wide.o [1]
mode_distance_wide_normal_60db_220us_seq
                         0x800'5d70  0xb20  Data  Lc  setup_distance_wide.o [1]
mode_motion_wide_50db_220us
                         0x800'fc24   0x20  Data  Lc  setup_motion_wide.o [1]
mode_motion_wide_50db_220us_fftwin
                         0x800'ec30  0x100  Data  Lc  setup_motion_wide.o [1]
mode_motion_wide_50db_220us_regaddr
                         0x800'f6d4   0x70  Data  Lc  setup_motion_wide.o [1]
mode_motion_wide_50db_220us_regval
                         0x800'ef30   0xdc  Data  Lc  setup_motion_wide.o [1]
mode_motion_wide_50db_220us_seq
                         0x800'6890  0xb20  Data  Lc  setup_motion_wide.o [1]
mode_motion_wide_60db_1100us
                         0x800'fc44   0x20  Data  Lc  setup_motion_wide.o [1]
mode_motion_wide_60db_1100us_fftwin
                         0x800'ed30  0x100  Data  Lc  setup_motion_wide.o [1]
mode_motion_wide_60db_1100us_regaddr
                         0x800'f744   0x70  Data  Lc  setup_motion_wide.o [1]
mode_motion_wide_60db_1100us_regval
                         0x800'f00c   0xdc  Data  Lc  setup_motion_wide.o [1]
mode_motion_wide_60db_1100us_seq
                         0x800'73b0  0xb20  Data  Lc  setup_motion_wide.o [1]
mode_motion_wide_60db_220us
                         0x800'fc64   0x20  Data  Lc  setup_motion_wide.o [1]
mode_motion_wide_60db_220us_fftwin
                         0x800'ee30  0x100  Data  Lc  setup_motion_wide.o [1]
mode_motion_wide_60db_220us_regaddr
                         0x800'f7b4   0x70  Data  Lc  setup_motion_wide.o [1]
mode_motion_wide_60db_220us_regval
                         0x800'f0e8   0xdc  Data  Lc  setup_motion_wide.o [1]
mode_motion_wide_60db_220us_seq
                         0x800'7ed0  0xb20  Data  Lc  setup_motion_wide.o [1]
motion_init              0x800'db51   0x2e  Code  Gb  setup_motion.o [1]
motion_wide_getcode      0x800'de19   0xe2  Code  Gb  setup_motion_wide.o [1]
motion_wide_update_param
                         0x800'df1d   0x54  Code  Gb  setup_motion_wide.o [1]
mparams                 0x2000'0314   0x18  Data  Lc  dlmalloc.o [2]
param_check_choice_local
                         0x800'c9ed   0x3c  Code  Lc  rs24g_ctl_setup_range.o [1]
param_check_range_local
                         0x800'c9a5   0x48  Code  Lc  rs24g_ctl_setup_range.o [1]
point_per_chirp          0x800'b657   0x8a  Code  Gb  setup_common.o [1]
read_fifo                0x800'a995   0x62  Code  Lc  rs_ctl_cmd.o [1]
read_modify_write_reg    0x800'b4a5   0x3c  Code  Gb  setup_common.o [1]
read_registers           0x800'a90f   0x86  Code  Lc  rs_ctl_cmd.o [1]
read_status              0x800'a8f7   0x18  Code  Lc  rs_ctl_cmd.o [1]
round                    0x800'bf01  0x12c  Code  Gb  round64.o [3]
roundl                   0x800'bf01  0x12c  Code  Gb  round64.o [3]
rs24g_ctl_sc1233_version_hotfix
                         0x800'a542    0x2  Data  Gb  rs24g_ctl_sc1233_version.o [1]
rs24g_ctl_sc1233_version_major
                         0x800'186a    0x2  Data  Gb  rs24g_ctl_sc1233_version.o [1]
rs24g_ctl_sc1233_version_minor
                         0x800'1882    0x2  Data  Gb  rs24g_ctl_sc1233_version.o [1]
rs24g_ctl_sc1233_version_revision
                         0x800'25ce    0x2  Data  Gb  rs24g_ctl_sc1233_version.o [1]
rs24g_ctl_setup_sc1233_version_hotfix
                         0x800'c28a    0x2  Data  Gb  rs24g_ctl_setup_sc1233_version.o [1]
rs24g_ctl_setup_sc1233_version_major
                         0x800'a9f6    0x2  Data  Gb  rs24g_ctl_setup_sc1233_version.o [1]
rs24g_ctl_setup_sc1233_version_minor
                         0x800'afca    0x2  Data  Gb  rs24g_ctl_setup_sc1233_version.o [1]
rs24g_ctl_setup_sc1233_version_revision
                         0x800'befe    0x2  Data  Gb  rs24g_ctl_setup_sc1233_version.o [1]
rs24g_mutex_destroy      0x800'a04b   0x14  Code  Lc  rs24g_ctl_base.o [1]
rs24g_mutex_init         0x800'a029   0x22  Code  Lc  rs24g_ctl_base.o [1]
rs24g_mutex_lock         0x800'a05f   0x14  Code  Lc  rs24g_ctl_base.o [1]
rs24g_mutex_lock         0x800'd8d5   0x14  Code  Lc  rs24g_ctl_distance.o [1]
rs24g_mutex_lock         0x800'b911   0x14  Code  Lc  rs24g_ctl_setup.o [1]
rs24g_mutex_unlock       0x800'a073   0x14  Code  Lc  rs24g_ctl_base.o [1]
rs24g_mutex_unlock       0x800'd8e9   0x14  Code  Lc  rs24g_ctl_distance.o [1]
rs24g_mutex_unlock       0x800'b925   0x14  Code  Lc  rs24g_ctl_setup.o [1]
rs_bin_add_data_section
                         0x800'1f3d   0x7c  Code  Gb  rs24g_bin.o [1]
rs_bin_add_general_section
                         0x800'1fb9   0x78  Code  Gb  rs24g_bin.o [1]
rs_bin_alloc             0x800'1e89   0x66  Code  Gb  rs24g_bin.o [1]
rs_bin_free              0x800'1eef   0x4e  Code  Gb  rs24g_bin.o [1]
rs_bin_get_code_section
                         0x800'254d   0x34  Code  Gb  rs24g_bin.o [1]
rs_bin_get_data_section
                         0x800'2581   0x46  Code  Gb  rs24g_bin.o [1]
rs_bin_get_size          0x800'24f5   0x4c  Code  Gb  rs24g_bin.o [1]
rs_bin_interface_get     0x800'a545   0x44  Code  Gb  rs24g_bin_interface.o [1]
rs_bin_load              0x800'2049  0x26e  Code  Gb  rs24g_bin.o [1]
rs_bin_save              0x800'22bd  0x238  Code  Gb  rs24g_bin.o [1]
rs_calc_crc16            0x800'ac3d   0x3c  Code  Gb  rs_ctl_data.o [1]
rs_close                 0x800'a211   0x4e  Code  Gb  rs24g_ctl_base.o [1]
rs_code2_alloc           0x800'c3ff   0xea  Code  Gb  rs24g_code2.o [1]
rs_code2_alloc_fft_data
                         0x800'c771   0x40  Code  Gb  rs24g_code2_local.o [1]
rs_code2_alloc_reg_addr_and_data
                         0x800'c711   0x60  Code  Gb  rs24g_code2_local.o [1]
rs_code2_alloc_seq_data
                         0x800'c6d1   0x40  Code  Gb  rs24g_code2_local.o [1]
rs_code2_free            0x800'c4e9   0x5c  Code  Gb  rs24g_code2.o [1]
rs_code2_free_fft_data   0x800'c81b   0x2e  Code  Gb  rs24g_code2_local.o [1]
rs_code2_free_reg_addr_and_data
                         0x800'c7df   0x3c  Code  Gb  rs24g_code2_local.o [1]
rs_code2_free_seq_data   0x800'c7b1   0x2e  Code  Gb  rs24g_code2_local.o [1]
rs_code2_load_minimum_from_bin
                         0x800'c545  0x18c  Code  Gb  rs24g_code2.o [1]
rs_ctl_cmd_chipboot_sc1233
                         0x800'a9f9   0xbc  Code  Gb  rs_ctl_cmd_sc1233.o [1]
rs_ctl_cmd_disable_seq   0x800'a78f   0x24  Code  Gb  rs_ctl_cmd.o [1]
rs_ctl_cmd_enable_seq    0x800'a7b3   0x3c  Code  Gb  rs_ctl_cmd.o [1]
rs_ctl_cmd_get_sensor_data
                         0x800'a7f9   0x72  Code  Gb  rs_ctl_cmd.o [1]
rs_ctl_cmd_shutdown      0x800'a765   0x2a  Code  Gb  rs_ctl_cmd.o [1]
rs_ctl_cmd_wait_and_get_sensor_data
                         0x800'a86b   0x8c  Code  Gb  rs_ctl_cmd.o [1]
rs_ctl_dev_close         0x800'a591    0x8  Code  Gb  rs_ctl_dev.o [1]
rs_ctl_dev_open          0x800'a589    0x8  Code  Gb  rs_ctl_dev.o [1]
rs_ctl_dev_read          0x800'a5dd   0x76  Code  Gb  rs_ctl_dev.o [1]
rs_ctl_dev_term_set      0x800'a653   0x46  Code  Gb  rs_ctl_dev.o [1]
rs_ctl_dev_term_trig_clear
                         0x800'a699   0x3a  Code  Gb  rs_ctl_dev.o [1]
rs_ctl_dev_term_trig_set
                         0x800'a6d3   0x3a  Code  Gb  rs_ctl_dev.o [1]
rs_ctl_dev_term_trig_wait
                         0x800'a70d   0x58  Code  Gb  rs_ctl_dev.o [1]
rs_ctl_dev_write         0x800'a599   0x44  Code  Gb  rs_ctl_dev.o [1]
rs_ctl_op_DISTM          0x800'abd7    0xa  Code  Gb  rs_ctl_op.o [1]
rs_ctl_op_DSLEEP         0x800'ab8d    0xa  Code  Gb  rs_ctl_op.o [1]
rs_ctl_op_ENATM          0x800'abcd    0xa  Code  Gb  rs_ctl_op.o [1]
rs_ctl_op_HLDDT          0x800'abf5    0xa  Code  Gb  rs_ctl_op.o [1]
rs_ctl_op_RDSR           0x800'aba5    0xc  Code  Gb  rs_ctl_op.o [1]
rs_ctl_op_RDSR2          0x800'abc1    0xc  Code  Gb  rs_ctl_op.o [1]
rs_ctl_op_READ           0x800'abb9    0x8  Code  Gb  rs_ctl_op.o [1]
rs_ctl_op_RUNTM          0x800'abe1    0xa  Code  Gb  rs_ctl_op.o [1]
rs_ctl_op_SRST           0x800'ab83    0xa  Code  Gb  rs_ctl_op.o [1]
rs_ctl_op_STPTM          0x800'abeb    0xa  Code  Gb  rs_ctl_op.o [1]
rs_ctl_op_UPDDT          0x800'abff   0x12  Code  Gb  rs_ctl_op.o [1]
rs_ctl_op_WRITE          0x800'abb1    0x8  Code  Gb  rs_ctl_op.o [1]
rs_ctl_op_WRSR           0x800'ab97    0xe  Code  Gb  rs_ctl_op.o [1]
rs_ctl_op_fast_control   0x800'aab5   0x10  Code  Lc  rs_ctl_op.o [1]
rs_ctl_op_read_region    0x800'ab61   0x22  Code  Lc  rs_ctl_op.o [1]
rs_ctl_op_read_status    0x800'aad7   0x34  Code  Lc  rs_ctl_op.o [1]
rs_ctl_op_write_region   0x800'ab0b   0x56  Code  Lc  rs_ctl_op.o [1]
rs_ctl_op_write_status   0x800'aac5   0x12  Code  Lc  rs_ctl_op.o [1]
rs_ctl_read_mem          0x800'acaf    0x8  Code  Gb  rs_ctl_data.o [1]
rs_ctl_read_reg          0x800'acd3   0x32  Code  Gb  rs_ctl_data.o [1]
rs_ctl_read_regs         0x800'ad5d   0x54  Code  Gb  rs_ctl_data.o [1]
rs_ctl_sensor_data_free
                         0x800'e603   0x2e  Code  Gb  rs_ctl_sensor_data.o [1]
rs_ctl_sensor_data_init
                         0x800'e5e3   0x20  Code  Gb  rs_ctl_sensor_data.o [1]
rs_ctl_write_mem         0x800'aca7    0x8  Code  Gb  rs_ctl_data.o [1]
rs_ctl_write_reg         0x800'acb7   0x1c  Code  Gb  rs_ctl_data.o [1]
rs_ctl_write_regs        0x800'ad05   0x58  Code  Gb  rs_ctl_data.o [1]
rs_dev_close             0x800'add1    0x4  Code  Gb  rs_ctl_dev_poc.o [1]
rs_dev_open              0x800'adb9   0x18  Code  Gb  rs_ctl_dev_poc.o [1]
rs_dev_read              0x800'ae09   0x90  Code  Gb  rs_ctl_dev_poc.o [1]
rs_dev_term_clear_trigger
                         0x800'af03   0x24  Code  Gb  rs_ctl_dev_poc.o [1]
rs_dev_term_set          0x800'ae99   0x4c  Code  Gb  rs_ctl_dev_poc.o [1]
rs_dev_term_set_trigger
                         0x800'aee5   0x1e  Code  Gb  rs_ctl_dev_poc.o [1]
rs_dev_term_wait_trigger
                         0x800'af27   0x80  Code  Gb  rs_ctl_dev_poc.o [1]
rs_dev_write             0x800'add5   0x34  Code  Gb  rs_ctl_dev_poc.o [1]
rs_get_ctl_mode_from_setup_mode
                         0x800'd75d   0x30  Code  Lc  rs24g_ctl_setup_base.o [1]
rs_get_distance          0x800'd8fd   0xa6  Code  Gb  rs24g_ctl_distance.o [1]
rs_get_peak_level_lower
                         0x800'da09   0x46  Code  Gb  rs24g_ctl_distance.o [1]
rs_get_sensor_lib_ver    0x800'da51   0x80  Code  Gb  rs24g_ctl_sc1233_version.o [1]
rs_get_setup_code_handle
                         0x800'b939   0x36  Code  Gb  rs24g_ctl_setup.o [1]
rs_get_setup_lib_ver     0x800'dad1   0x80  Code  Gb  rs24g_ctl_setup_sc1233_version.o [1]
rs_get_setup_res_handle
                         0x800'b96f   0x36  Code  Gb  rs24g_ctl_setup.o [1]
rs_load_seqcode          0x800'bab5   0x72  Code  Gb  rs24g_ctl_setup.o [1]
rs_mutex_destroy         0x800'a537    0x4  Code  Gb  rs_mutex.o [1]
rs_mutex_init            0x800'a533    0x4  Code  Gb  rs_mutex.o [1]
rs_mutex_lock            0x800'a53b    0x4  Code  Gb  rs_mutex.o [1]
rs_mutex_unlock          0x800'a53f    0x4  Code  Gb  rs_mutex.o [1]
rs_op_DSLEEP             0x800'bc3f   0x46  Code  Gb  rs24g_ctl_setup.o [1]
rs_open                  0x800'a119   0xf8  Code  Gb  rs24g_ctl_base.o [1]
rs_param_check           0x800'ca29   0xdc  Code  Gb  rs24g_ctl_setup_range.o [1]
rs_param_distance_range_check
                         0x800'cb0d   0x8c  Code  Gb  rs24g_ctl_setup_range.o [1]
rs_param_get_choice      0x800'c92d   0x6e  Code  Gb  rs24g_ctl_setup_range.o [1]
rs_param_get_range       0x800'c849   0xe4  Code  Gb  rs24g_ctl_setup_range.o [1]
rs_param_init            0x800'd835   0x22  Code  Gb  rs24g_ctl_setup_base.o [1]
rs_param_init_local      0x800'd66d   0x48  Code  Lc  rs24g_ctl_setup_base.o [1]
rs_read_reg              0x800'bbb3   0x8c  Code  Gb  rs24g_ctl_setup.o [1]
rs_resource_alloc_holder
                         0x800'a087   0x58  Code  Lc  rs24g_ctl_base.o [1]
rs_resource_free_holder
                         0x800'a0df   0x3a  Code  Lc  rs24g_ctl_base.o [1]
rs_set_peak_level_lower
                         0x800'd9a9   0x60  Code  Gb  rs24g_ctl_distance.o [1]
rs_setup_alpha           0x800'db7f   0x18  Code  Gb  setup_motion.o [1]
rs_setup_beta            0x800'dc0d   0x18  Code  Gb  setup_distance.o [1]
rs_setup_getcode         0x800'b55d   0x5e  Code  Gb  setup_common.o [1]
rs_setup_getcode_ext     0x800'b5bb   0x52  Code  Gb  setup_common.o [1]
rs_setup_getmode_ext     0x800'b60d   0x32  Code  Gb  setup_common.o [1]
rs_setup_hpf             0x800'b81b   0xca  Code  Gb  setup_common.o [1]
rs_setup_interval        0x800'b801   0x1a  Code  Gb  setup_common.o [1]
rs_setup_motion_threshold
                         0x800'db97   0x16  Code  Gb  setup_motion.o [1]
rs_setup_param           0x800'd857   0x7c  Code  Gb  rs24g_ctl_setup_base.o [1]
rs_setup_param_local     0x800'd6b5   0xa8  Code  Lc  rs24g_ctl_setup_base.o [1]
rs_setup_range           0x800'b6e1  0x120  Code  Gb  setup_common.o [1]
rs_setup_range_motion    0x800'dbc3   0x18  Code  Gb  setup_motion.o [1]
rs_setup_range_peak      0x800'dc25   0x3a  Code  Gb  setup_distance.o [1]
rs_setup_seq             0x800'b9cf   0xdc  Code  Lc  rs24g_ctl_setup.o [1]
rs_setup_startup_count   0x800'dbad   0x16  Code  Gb  setup_motion.o [1]
rs_setup_update_code_after_getcode
                         0x800'b513   0x4a  Code  Lc  setup_common.o [1]
rs_shutdown              0x800'a25f   0x62  Code  Gb  rs24g_ctl_base.o [1]
rs_start                 0x800'a3ed    0xa  Code  Gb  rs24g_ctl_base.o [1]
rs_start_body            0x800'a2c1  0x124  Code  Lc  rs24g_ctl_base.o [1]
rs_stop                  0x800'a48b   0xa8  Code  Gb  rs24g_ctl_base.o [1]
rs_stop_wait             0x800'a3f7   0x94  Code  Lc  rs24g_ctl_base.o [1]
rs_update_param_local    0x800'd78d   0x9a  Code  Lc  rs24g_ctl_setup_base.o [1]
rs_usleep                0x800'ac35    0x8  Code  Gb  rs_sleep.o [1]
rs_write_reg             0x800'bb27   0x8c  Code  Gb  rs24g_ctl_setup.o [1]
rvalue                  0x2000'032c    0x4  Data  Gb  rs_ctl_cmd_sc1233.o [1]
save_data_section        0x800'1ae9   0x94  Code  Lc  rs24g_bin.o [1]
save_general_section     0x800'1c0f   0x22  Code  Lc  rs24g_bin.o [1]
save_sections            0x800'1caf   0x7c  Code  Lc  rs24g_bin.o [1]
section_header_size      0x800'fd90    0x4  Data  Lc  rs24g_bin.o [1]
segment_holding          0x800'0041   0x1c  Code  Lc  dlmalloc.o [2]
table_read_reg           0x800'b4e1   0x32  Code  Gb  setup_common.o [1]
time                     0x800'adb1    0x8  Code  Gb  time_trampoline.o [2]
uint32_to_uint8          0x800'ac7d   0x12  Code  Lc  rs_ctl_data.o [1]
uint8_to_uint32          0x800'ac8f   0x18  Code  Lc  rs_ctl_data.o [1]
update_body_size         0x800'1e4b   0x3e  Code  Lc  rs24g_bin.o [1]
usleep                   0x800'ac11   0x1e  Code  Gb  rs_sleep.o [1]
uwTick                  0x2000'0338    0x4  Data  Gb  stm32f0xx_hal.o [1]
uwTickFreq              0x2000'0008    0x1  Data  Gb  stm32f0xx_hal.o [1]
uwTickPrio              0x2000'0000    0x4  Data  Gb  stm32f0xx_hal.o [1]


[1] = G:\Socionext-24G-SensorSourceCode-sc1233-20200713\Debug\Obj
[2] = dl6M_tln.a
[3] = m6M_tl.a
[4] = rt6M_tl.a
[5] = shb_l.a

  33'531 bytes of readonly  code memory
  31'389 bytes of readonly  data memory
  16'189 bytes of readwrite data memory

Errors: none
Warnings: none
