###############################################################################
#
# IAR ELF Linker V8.40.2.214/W32 for ARM                  24/Sep/2021  21:01:58
# Copyright 2007-2019 IAR Systems AB.
#
#    Output file  =  E:\STM32L431CCT6\2D\EWARM\CubeMX\Exe\CubeMX.out
#    Map file     =  E:\STM32L431CCT6\2D\EWARM\CubeMX\List\CubeMX.map
#    Command line =
#        -f C:\Users\Pantian\AppData\Local\Temp\EWA969.tmp
#        (E:\STM32L431CCT6\2D\EWARM\CubeMX\Obj\common_2d.o
#        E:\STM32L431CCT6\2D\EWARM\CubeMX\Obj\location.o
#        E:\STM32L431CCT6\2D\EWARM\CubeMX\Obj\location_debug.o
#        E:\STM32L431CCT6\2D\EWARM\CubeMX\Obj\main.o
#        E:\STM32L431CCT6\2D\EWARM\CubeMX\Obj\qsort1.o
#        E:\STM32L431CCT6\2D\EWARM\CubeMX\Obj\rs24g_2d_sc1233_base.o
#        E:\STM32L431CCT6\2D\EWARM\CubeMX\Obj\rs24g_2d_sc1233_local.o
#        E:\STM32L431CCT6\2D\EWARM\CubeMX\Obj\rs24g_2d_sc1233_range.o
#        E:\STM32L431CCT6\2D\EWARM\CubeMX\Obj\rs24g_2d_sc1233_version.o
#        E:\STM32L431CCT6\2D\EWARM\CubeMX\Obj\rs24g_bin.o
#        E:\STM32L431CCT6\2D\EWARM\CubeMX\Obj\rs24g_bin_interface.o
#        E:\STM32L431CCT6\2D\EWARM\CubeMX\Obj\rs24g_code2.o
#        E:\STM32L431CCT6\2D\EWARM\CubeMX\Obj\rs24g_code2_local.o
#        E:\STM32L431CCT6\2D\EWARM\CubeMX\Obj\rs24g_ctl_2rx.o
#        E:\STM32L431CCT6\2D\EWARM\CubeMX\Obj\rs24g_ctl_base.o
#        E:\STM32L431CCT6\2D\EWARM\CubeMX\Obj\rs24g_ctl_common.o
#        E:\STM32L431CCT6\2D\EWARM\CubeMX\Obj\rs24g_ctl_distance.o
#        E:\STM32L431CCT6\2D\EWARM\CubeMX\Obj\rs24g_ctl_fifo.o
#        E:\STM32L431CCT6\2D\EWARM\CubeMX\Obj\rs24g_ctl_motion.o
#        E:\STM32L431CCT6\2D\EWARM\CubeMX\Obj\rs24g_ctl_sc1233_version.o
#        E:\STM32L431CCT6\2D\EWARM\CubeMX\Obj\rs24g_ctl_sensor_ctl_type.o
#        E:\STM32L431CCT6\2D\EWARM\CubeMX\Obj\rs24g_ctl_setup.o
#        E:\STM32L431CCT6\2D\EWARM\CubeMX\Obj\rs24g_ctl_setup_base.o
#        E:\STM32L431CCT6\2D\EWARM\CubeMX\Obj\rs24g_ctl_setup_range.o
#        E:\STM32L431CCT6\2D\EWARM\CubeMX\Obj\rs24g_ctl_setup_sc1233_version.o
#        E:\STM32L431CCT6\2D\EWARM\CubeMX\Obj\rs24g_sample_sc1233.o
#        E:\STM32L431CCT6\2D\EWARM\CubeMX\Obj\rs_ctl_cmd.o
#        E:\STM32L431CCT6\2D\EWARM\CubeMX\Obj\rs_ctl_cmd_sc1233.o
#        E:\STM32L431CCT6\2D\EWARM\CubeMX\Obj\rs_ctl_data.o
#        E:\STM32L431CCT6\2D\EWARM\CubeMX\Obj\rs_ctl_dev.o
#        E:\STM32L431CCT6\2D\EWARM\CubeMX\Obj\rs_ctl_dev_poc.o
#        E:\STM32L431CCT6\2D\EWARM\CubeMX\Obj\rs_ctl_op.o
#        E:\STM32L431CCT6\2D\EWARM\CubeMX\Obj\rs_ctl_sensor_data.o
#        E:\STM32L431CCT6\2D\EWARM\CubeMX\Obj\rs_list.o
#        E:\STM32L431CCT6\2D\EWARM\CubeMX\Obj\rs_mutex.o
#        E:\STM32L431CCT6\2D\EWARM\CubeMX\Obj\rs_sleep.o
#        E:\STM32L431CCT6\2D\EWARM\CubeMX\Obj\setup_2d.o
#        E:\STM32L431CCT6\2D\EWARM\CubeMX\Obj\setup_bin.o
#        E:\STM32L431CCT6\2D\EWARM\CubeMX\Obj\setup_common.o
#        E:\STM32L431CCT6\2D\EWARM\CubeMX\Obj\setup_distance.o
#        E:\STM32L431CCT6\2D\EWARM\CubeMX\Obj\setup_distance_wide.o
#        E:\STM32L431CCT6\2D\EWARM\CubeMX\Obj\setup_fifo.o
#        E:\STM32L431CCT6\2D\EWARM\CubeMX\Obj\setup_fifo_fft_1rx_wide.o
#        E:\STM32L431CCT6\2D\EWARM\CubeMX\Obj\setup_fifo_fft_2rx_wide.o
#        E:\STM32L431CCT6\2D\EWARM\CubeMX\Obj\setup_fifo_iq_1rx_wide.o
#        E:\STM32L431CCT6\2D\EWARM\CubeMX\Obj\setup_fifo_iq_2rx_wide.o
#        E:\STM32L431CCT6\2D\EWARM\CubeMX\Obj\setup_motion.o
#        E:\STM32L431CCT6\2D\EWARM\CubeMX\Obj\setup_motion_wide.o
#        E:\STM32L431CCT6\2D\EWARM\CubeMX\Obj\startup_stm32l431xx.o
#        E:\STM32L431CCT6\2D\EWARM\CubeMX\Obj\stm32l4xx_hal.o
#        E:\STM32L431CCT6\2D\EWARM\CubeMX\Obj\stm32l4xx_hal_cortex.o
#        E:\STM32L431CCT6\2D\EWARM\CubeMX\Obj\stm32l4xx_hal_dma.o
#        E:\STM32L431CCT6\2D\EWARM\CubeMX\Obj\stm32l4xx_hal_dma_ex.o
#        E:\STM32L431CCT6\2D\EWARM\CubeMX\Obj\stm32l4xx_hal_exti.o
#        E:\STM32L431CCT6\2D\EWARM\CubeMX\Obj\stm32l4xx_hal_flash.o
#        E:\STM32L431CCT6\2D\EWARM\CubeMX\Obj\stm32l4xx_hal_flash_ex.o
#        E:\STM32L431CCT6\2D\EWARM\CubeMX\Obj\stm32l4xx_hal_flash_ramfunc.o
#        E:\STM32L431CCT6\2D\EWARM\CubeMX\Obj\stm32l4xx_hal_gpio.o
#        E:\STM32L431CCT6\2D\EWARM\CubeMX\Obj\stm32l4xx_hal_i2c.o
#        E:\STM32L431CCT6\2D\EWARM\CubeMX\Obj\stm32l4xx_hal_i2c_ex.o
#        E:\STM32L431CCT6\2D\EWARM\CubeMX\Obj\stm32l4xx_hal_msp.o
#        E:\STM32L431CCT6\2D\EWARM\CubeMX\Obj\stm32l4xx_hal_pwr.o
#        E:\STM32L431CCT6\2D\EWARM\CubeMX\Obj\stm32l4xx_hal_pwr_ex.o
#        E:\STM32L431CCT6\2D\EWARM\CubeMX\Obj\stm32l4xx_hal_rcc.o
#        E:\STM32L431CCT6\2D\EWARM\CubeMX\Obj\stm32l4xx_hal_rcc_ex.o
#        E:\STM32L431CCT6\2D\EWARM\CubeMX\Obj\stm32l4xx_hal_spi.o
#        E:\STM32L431CCT6\2D\EWARM\CubeMX\Obj\stm32l4xx_hal_spi_ex.o
#        E:\STM32L431CCT6\2D\EWARM\CubeMX\Obj\stm32l4xx_hal_tim.o
#        E:\STM32L431CCT6\2D\EWARM\CubeMX\Obj\stm32l4xx_hal_tim_ex.o
#        E:\STM32L431CCT6\2D\EWARM\CubeMX\Obj\stm32l4xx_hal_uart.o
#        E:\STM32L431CCT6\2D\EWARM\CubeMX\Obj\stm32l4xx_hal_uart_ex.o
#        E:\STM32L431CCT6\2D\EWARM\CubeMX\Obj\stm32l4xx_it.o
#        E:\STM32L431CCT6\2D\EWARM\CubeMX\Obj\system_stm32l4xx.o --redirect
#        _Printf=_PrintfFull --redirect _Scanf=_ScanfFull --no_out_extension -o
#        E:\STM32L431CCT6\2D\EWARM\CubeMX\Exe\CubeMX.out --map
#        E:\STM32L431CCT6\2D\EWARM\CubeMX\List\CubeMX.map --config
#        E:\STM32L431CCT6\2D\EWARM/stm32l431xx_flash.icf --semihosting --entry
#        __iar_program_start --redirect __iar_sh_stdout=__iar_sh_stdout_swo
#        --vfe --text_out locale)
#
###############################################################################

*******************************************************************************
*** RUNTIME MODEL ATTRIBUTES
***

CppFlavor        = *
__CPP_Exceptions = Disabled
__CPP_Language   = C++14
__Heap_Handler   = DLMalloc
__SystemLibrary  = DLib
__dlib_version   = 6


*******************************************************************************
*** HEAP SELECTION
***

The advanced heap was selected because the application calls memory
allocation functions outside of system library functions, and there
are calls to deallocation functions in the application.


*******************************************************************************
*** PLACEMENT SUMMARY
***

"A0":  place at address 0x800'0000 { ro section .intvec };
"P1":  place in [from 0x800'0000 to 0x803'ffff] { ro };
define block CSTACK with size = 4608, alignment = 8 { };
define block HEAP with size = 32K, alignment = 8 { };
"P2":  place in [from 0x2000'0000 to 0x2000'ffff] {
          rw, block CSTACK, block HEAP };
initialize by copy { rw };

  Section            Kind         Address      Size  Object
  -------            ----         -------      ----  ------
"A0":                                         0x18c
  .intvec            ro code   0x800'0000     0x18c  startup_stm32l431xx.o [1]
                             - 0x800'018c     0x18c

"P1":                                      0x1'5615
  .text              ro code   0x800'018c    0x14dc  dlmalloc.o [2]
  .text              ro code   0x800'1668       0x6  abort.o [2]
  .text              ro code   0x800'166e      0x3a  zero_init3.o [4]
  .text              ro code   0x800'16a8      0x2c  xgetmemchunk.o [2]
  .text              ro code   0x800'16d4       0x6  ABImemclr.o [4]
  .text              ro code   0x800'16da      0x1e  xencoding_8859_1.o [2]
  .text              ro code   0x800'16f8      0x14  exit.o [5]
  .text              ro code   0x800'170c      0x66  ABImemset.o [4]
  .rodata            const     0x800'1772       0x2  rs24g_2d_sc1233_version.o [1]
  .text              ro code   0x800'1774    0x10c6  xprintffull.o [2]
  .rodata            const     0x800'283a       0x2  rs24g_2d_sc1233_version.o [1]
  .text              ro code   0x800'283c      0x7c  xlocale_c.o [2]
  .text              ro code   0x800'28b8      0x16  strchr.o [4]
  .rodata            const     0x800'28ce       0x2  rs24g_2d_sc1233_version.o [1]
  .text              ro code   0x800'28d0      0x40  xfail_s.o [2]
  .text              ro code   0x800'2910      0x36  strlen.o [4]
  .rodata            const     0x800'2946       0x2  rs24g_2d_sc1233_version.o [1]
  .text              ro code   0x800'2948      0x58  memchr.o [4]
  .text              ro code   0x800'29a0      0xa6  ABImemcpy.o [4]
  .rodata            const     0x800'2a46       0x2  rs24g_bin.o [1]
  .text              ro code   0x800'2a48      0x70  frexp.o [3]
  .text              ro code   0x800'2ab8      0x2e  DblCmpLe.o [3]
  .rodata            const     0x800'2ae6       0x2  rs24g_ctl_sc1233_version.o [1]
  .text              ro code   0x800'2ae8      0x2e  DblCmpGe.o [3]
  .rodata            const     0x800'2b16       0x2  rs24g_ctl_sc1233_version.o [1]
  .text              ro code   0x800'2b18     0x13a  ldexp.o [3]
  .rodata            const     0x800'2c52       0x2  rs24g_ctl_sc1233_version.o [1]
  .text              ro code   0x800'2c54      0x3a  DblToS32.o [3]
  .rodata            const     0x800'2c8e       0x2  rs24g_ctl_sc1233_version.o [1]
  .text              ro code   0x800'2c90      0x22  S32ToDbl.o [3]
  .rodata            const     0x800'2cb2       0x2  rs24g_ctl_setup_sc1233_version.o [1]
  .text              ro code   0x800'2cb4      0xe2  DblSub.o [3]
  .rodata            const     0x800'2d96       0x2  rs24g_ctl_setup_sc1233_version.o [1]
  .text              ro code   0x800'2d98     0x246  DblDiv.o [3]
  .rodata            const     0x800'2fde       0x2  rs24g_ctl_setup_sc1233_version.o [1]
  .text              ro code   0x800'2fe0      0x28  DblToU32.o [3]
  .text              ro code   0x800'3008      0x1a  U32ToDbl.o [3]
  .rodata            const     0x800'3022       0x2  rs24g_ctl_setup_sc1233_version.o [1]
  .text              ro code   0x800'3024     0x1a2  DblMul.o [3]
  .text              ro code   0x800'31c6       0xa  xmbcurmax.o [2]
  .text              ro code   0x800'31d0     0x230  I64DivMod.o [4]
  .text              ro code   0x800'3400     0x17a  DblAdd.o [3]
  .rodata            const     0x800'357a       0x2  xlocale_c.o [2]
  .text              ro code   0x800'357c       0x2  I64DivZer.o [4]
  .rodata            const     0x800'357e       0x2  xlocale_c.o [2]
  .text              ro code   0x800'3580     0xdd8  rs24g_bin.o [1]
  .text              ro code   0x800'4358       0x4  heaptramp0.o [2]
  .text              ro code   0x800'435c     0xc1e  location.o [1]
  .text              ro code   0x800'4f7a     0x154  rs_list.o [1]
  .rodata            const     0x800'50ce       0x1  rs24g_bin.o [1]
  .rodata            const     0x800'50cf       0x1  rs24g_bin.o [1]
  .text              ro code   0x800'50d0      0x20  DblCmpEq.o [3]
  .text              ro code   0x800'50f0     0x292  common_2d.o [1]
  .text              ro code   0x800'5382     0x290  qsort1.o [1]
  .rodata            const     0x800'5612       0x1  unwind_debug.o [5]
  .rodata            const     0x800'5613       0x1  xlocale_c.o [2]
  .text              ro code   0x800'5614      0x2e  math_wrappers64.o [3]
  .text              ro code   0x800'5644      0xec  asin64.o [3]
  .text              ro code   0x800'5730     0x13c  atan2_64.o [3]
  .text              ro code   0x800'586c     0x31c  logx64.o [3]
  .text              ro code   0x800'5b88      0xf2  sqrt.o [3]
  .text              ro code   0x800'5c7c     0x1d0  iar_Atan64.o [3]
  .rodata            const     0x800'5e4c     0xb20  setup_2d.o [1]
  .rodata            const     0x800'696c     0xb20  setup_2d.o [1]
  .rodata            const     0x800'748c     0xb20  setup_2d.o [1]
  .rodata            const     0x800'7fac     0xb20  setup_distance_wide.o [1]
  .rodata            const     0x800'8acc     0xb20  setup_distance_wide.o [1]
  .rodata            const     0x800'95ec     0xb20  setup_distance_wide.o [1]
  .rodata            const     0x800'a10c     0xb20  setup_motion_wide.o [1]
  .rodata            const     0x800'ac2c     0xb20  setup_motion_wide.o [1]
  .rodata            const     0x800'b74c     0xb20  setup_motion_wide.o [1]
  .text              ro code   0x800'c26c     0x9cc  stm32l4xx_hal_rcc.o [1]
  .text              ro code   0x800'cc38      0x60  stm32l4xx_hal.o [1]
  .text              ro code   0x800'cc98       0xc  stm32l4xx_hal.o [1]
  .text              ro code   0x800'cca4      0x94  stm32l4xx_hal_pwr_ex.o [1]
  .text              ro code   0x800'cd38     0x158  stm32l4xx_hal_cortex.o [1]
  .text              ro code   0x800'ce90     0x952  stm32l4xx_hal_spi.o [1]
  .text              ro code   0x800'd7e4     0x170  stm32l4xx_hal_msp.o [1]
  .text              ro code   0x800'd954      0x14  memset.o [4]
  .text              ro code   0x800'd968     0x260  stm32l4xx_hal_gpio.o [1]
  .text              ro code   0x800'dbc8     0x346  main.o [1]
  .text              ro code   0x800'df10      0x24  stm32l4xx_hal.o [1]
  .text              ro code   0x800'df34     0x604  rs24g_sample_sc1233.o [1]
  .text              ro code   0x800'e538      0x28  stm32l4xx_hal.o [1]
  .text              ro code   0x800'e560     0x4a0  stm32l4xx_hal_rcc_ex.o [1]
  .text              ro code   0x800'ea00      0xcc  stm32l4xx_hal_i2c.o [1]
  .text              ro code   0x800'eacc      0xc6  stm32l4xx_hal_i2c_ex.o [1]
  .text              ro code   0x800'eb94     0x652  stm32l4xx_hal_uart.o [1]
  .text              ro code   0x800'f1e8      0x28  printf.o [2]
  .text              ro code   0x800'f210     0x2ca  rs24g_ctl_setup_base.o [1]
  .text              ro code   0x800'f4dc      0xf2  rs24g_ctl_distance.o [1]
  .text              ro code   0x800'f5d0     0x454  rs24g_2d_sc1233_base.o [1]
  .text              ro code   0x800'fa24     0x550  rs24g_ctl_base.o [1]
  .text              ro code   0x800'ff74     0x130  rs24g_ctl_2rx.o [1]
  .text              ro code   0x801'00a4      0x84  rs24g_ctl_sc1233_version.o [1]
  .text              ro code   0x801'0128      0x84  rs24g_ctl_setup_sc1233_version.o [1]
  .text              ro code   0x801'01ac      0x84  rs24g_2d_sc1233_version.o [1]
  .text              ro code   0x801'0230      0xb0  setup_motion.o [1]
  .text              ro code   0x801'02e0      0x94  setup_distance.o [1]
  .text              ro code   0x801'0374     0x1b4  setup_2d.o [1]
  .text              ro code   0x801'0528      0x24  setup_fifo.o [1]
  .text              ro code   0x801'054c     0x158  setup_motion_wide.o [1]
  .text              ro code   0x801'06a4     0x1a4  setup_distance_wide.o [1]
  .text              ro code   0x801'0848      0xaa  setup_fifo_fft_1rx_wide.o [1]
  .text              ro code   0x801'08f4      0xaa  setup_fifo_fft_2rx_wide.o [1]
  .text              ro code   0x801'09a0      0xaa  setup_fifo_iq_1rx_wide.o [1]
  .text              ro code   0x801'0a4c      0xaa  setup_fifo_iq_2rx_wide.o [1]
  .text              ro code   0x801'0af6      0xb4  setup_bin.o [1]
  .text              ro code   0x801'0baa     0x3c4  rs24g_ctl_setup.o [1]
  .text              ro code   0x801'0f6e      0x18  rs_mutex.o [1]
  .text              ro code   0x801'0f88     0x32c  rs24g_2d_sc1233_range.o [1]
  .text              ro code   0x801'12b4      0x48  rs24g_bin_interface.o [1]
  .text              ro code   0x801'12fc     0x236  rs_ctl_dev.o [1]
  .text              ro code   0x801'1534     0x29c  rs_ctl_cmd.o [1]
  .text              ro code   0x801'17d0      0xb4  rs_ctl_cmd_sc1233.o [1]
  .text              ro code   0x801'1884     0x1e6  rs_ctl_op.o [1]
  .text              ro code   0x801'1a6c      0x26  rs_sleep.o [1]
  .text              ro code   0x801'1a92     0x19e  rs_ctl_data.o [1]
  .text              ro code   0x801'1c30       0x4  time_trampoline.o [2]
  .text              ro code   0x801'1c34     0x1c2  rs24g_ctl_common.o [1]
  .text              ro code   0x801'1df8     0x4dc  setup_common.o [1]
  .text              ro code   0x801'22d4     0x438  rs24g_ctl_setup_range.o [1]
  .text              ro code   0x801'270c     0x244  rs_ctl_dev_poc.o [1]
  .text              ro code   0x801'2950      0x12  time.o [5]
  .text              ro code   0x801'2962      0x52  rs_ctl_sensor_data.o [1]
  .text              ro code   0x801'29b4      0x62  round.o [3]
  .text              ro code   0x801'2a18      0x66  ceil.o [3]
  .text              ro code   0x801'2a80      0x68  floor.o [3]
  .text              ro code   0x801'2ae8     0x440  rs24g_code2.o [1]
  .text              ro code   0x801'2f28     0x180  rs24g_code2_local.o [1]
  .rodata            const     0x801'30a8     0x100  setup_2d.o [1]
  .rodata            const     0x801'31a8     0x100  setup_2d.o [1]
  .rodata            const     0x801'32a8     0x100  setup_2d.o [1]
  .rodata            const     0x801'33a8     0x100  setup_distance_wide.o [1]
  .rodata            const     0x801'34a8     0x100  setup_distance_wide.o [1]
  .rodata            const     0x801'35a8     0x100  setup_distance_wide.o [1]
  .rodata            const     0x801'36a8     0x100  setup_motion_wide.o [1]
  .rodata            const     0x801'37a8     0x100  setup_motion_wide.o [1]
  .rodata            const     0x801'38a8     0x100  setup_motion_wide.o [1]
  .rodata            const     0x801'39a8      0xdc  setup_motion_wide.o [1]
  .rodata            const     0x801'3a84      0xdc  setup_motion_wide.o [1]
  .rodata            const     0x801'3b60      0xdc  setup_motion_wide.o [1]
  .rodata            const     0x801'3c3c      0xd8  setup_2d.o [1]
  .rodata            const     0x801'3d14      0xd8  setup_2d.o [1]
  .rodata            const     0x801'3dec      0xd8  setup_2d.o [1]
  .rodata            const     0x801'3ec4      0xd8  setup_distance_wide.o [1]
  .rodata            const     0x801'3f9c      0xd8  setup_distance_wide.o [1]
  .rodata            const     0x801'4074      0xd8  setup_distance_wide.o [1]
  .text              ro code   0x801'414c      0xd8  xfspos.o [2]
  .text              ro code   0x801'4224      0xac  fflush.o [2]
  .text              ro code   0x801'42d0       0xc  xfgpos.o [2]
  .text              ro code   0x801'42dc      0x4a  lseek.o [5]
  .text              ro code   0x801'4326      0x10  write.o [5]
  .text              ro code   0x801'4338      0xcc  XShHandles.o [2]
  .text              ro code   0x801'4404      0x1e  dwrite.o [5]
  .text              ro code   0x801'4424      0x50  iarwstdswo.o [5]
  .text              ro code   0x801'4474      0x22  iarwrite.o [5]
  .text              ro code   0x801'4496      0xb4  xfwprep.o [2]
  .text              ro code   0x801'454a      0x24  fseek.o [2]
  .text              ro code   0x801'4570      0x9c  xfofind.o [2]
  .text              ro code   0x801'460c      0x7e  fclose.o [2]
  .text              ro code   0x801'468a      0x18  close.o [5]
  .text              ro code   0x801'46a2      0x14  remove.o [5]
  .text              ro code   0x801'46b6      0x78  lz77_init_single.o [4]
  .rodata            const     0x801'4730      0x70  setup_motion_wide.o [1]
  .rodata            const     0x801'47a0      0x70  setup_motion_wide.o [1]
  .rodata            const     0x801'4810      0x70  setup_motion_wide.o [1]
  .rodata            const     0x801'4880      0x6c  setup_2d.o [1]
  .rodata            const     0x801'48ec      0x6c  setup_2d.o [1]
  .rodata            const     0x801'4958      0x6c  setup_2d.o [1]
  .rodata            const     0x801'49c4      0x6c  setup_distance_wide.o [1]
  .rodata            const     0x801'4a30      0x6c  setup_distance_wide.o [1]
  .rodata            const     0x801'4a9c      0x6c  setup_distance_wide.o [1]
  .rodata            const     0x801'4b08      0x2c  rs24g_sample_sc1233.o [1]
  .rodata            const     0x801'4b38      0x60  location.o [1]
  .rodata            const     0x801'4b98      0x60  location.o [1]
  .rodata            const     0x801'4bf8      0x60  location.o [1]
  .rodata            const     0x801'4c58      0x60  location.o [1]
  .text              ro code   0x801'4cb8      0x60  system_stm32l4xx.o [1]
  .text              ro code   0x801'4d18      0x54  fputc.o [2]
  .rodata            const     0x801'4d6c      0x24  rs24g_ctl_2rx.o [1]
  .rodata            const     0x801'4d90      0x40  iar_Atan64.o [3]
  .text              ro code   0x801'4dd0      0x3c  xcloseall.o [2]
  .rodata            const     0x801'4e0c      0x30  system_stm32l4xx.o [1]
  .rodata            const     0x801'4e3c      0x28  rs24g_sample_sc1233.o [1]
  .rodata            const     0x801'4e64      0x28  rs24g_sample_sc1233.o [1]
  .rodata            const     0x801'4e8c      0x28  rs24g_sample_sc1233.o [1]
  .rodata            const     0x801'4eb4      0x28  rs24g_sample_sc1233.o [1]
  .rodata            const     0x801'4edc      0x28  rs24g_sample_sc1233.o [1]
  .rodata            const     0x801'4f04      0x28  rs24g_sample_sc1233.o [1]
  .text              ro code   0x801'4f2c      0x28  data_init.o [4]
  .rodata            const     0x801'4f54      0x24  rs24g_sample_sc1233.o [1]
  .rodata            const     0x801'4f78      0x24  rs24g_sample_sc1233.o [1]
  .rodata            const     0x801'4f9c      0x24  rs24g_sample_sc1233.o [1]
  .rodata            const     0x801'4fc0      0x24  rs24g_sample_sc1233.o [1]
  .rodata            const     0x801'4fe4      0x24  rs24g_sample_sc1233.o [1]
  .text              ro code   0x801'5008      0x22  stm32l4xx_it.o [1]
  .text              ro code   0x801'502c      0x18  stm32l4xx_hal.o [1]
  .text              ro code   0x801'5044      0x22  fpinit_M.o [3]
  .iar.init_table    const     0x801'5068      0x20  - Linker created -
  .rodata            const     0x801'5088      0x20  rs24g_sample_sc1233.o [1]
  .rodata            const     0x801'50a8      0x20  rs24g_sample_sc1233.o [1]
  .rodata            const     0x801'50c8      0x20  rs24g_sample_sc1233.o [1]
  .rodata            const     0x801'50e8      0x20  rs24g_sample_sc1233.o [1]
  .rodata            const     0x801'5108      0x20  rs24g_sample_sc1233.o [1]
  .rodata            const     0x801'5128      0x20  setup_2d.o [1]
  .rodata            const     0x801'5148      0x20  setup_2d.o [1]
  .rodata            const     0x801'5168      0x20  setup_2d.o [1]
  .rodata            const     0x801'5188      0x20  setup_distance_wide.o [1]
  .rodata            const     0x801'51a8      0x20  setup_distance_wide.o [1]
  .rodata            const     0x801'51c8      0x20  setup_distance_wide.o [1]
  .rodata            const     0x801'51e8      0x20  setup_motion_wide.o [1]
  .rodata            const     0x801'5208      0x20  setup_motion_wide.o [1]
  .rodata            const     0x801'5228      0x20  setup_motion_wide.o [1]
  .text              ro code   0x801'5248      0x1e  cmain.o [4]
  .text              ro code   0x801'5266       0x4  low_level_init.o [2]
  .text              ro code   0x801'526a       0x4  exit.o [2]
  .text              ro code   0x801'5270       0xe  cexit.o [4]
  .rodata            const     0x801'5280      0x1c  rs24g_sample_sc1233.o [1]
  .rodata            const     0x801'529c      0x1c  rs24g_sample_sc1233.o [1]
  .rodata            const     0x801'52b8      0x1c  rs24g_sample_sc1233.o [1]
  .rodata            const     0x801'52d4      0x1c  rs24g_sample_sc1233.o [1]
  .rodata            const     0x801'52f0      0x1c  rs24g_sample_sc1233.o [1]
  .rodata            const     0x801'530c      0x1c  rs24g_sample_sc1233.o [1]
  .rodata            const     0x801'5328      0x18  rs24g_sample_sc1233.o [1]
  .rodata            const     0x801'5340      0x18  rs24g_sample_sc1233.o [1]
  .rodata            const     0x801'5358      0x18  rs24g_sample_sc1233.o [1]
  .rodata            const     0x801'5370      0x18  rs24g_sample_sc1233.o [1]
  .rodata            const     0x801'5388      0x18  rs24g_sample_sc1233.o [1]
  .rodata            const     0x801'53a0      0x18  rs24g_sample_sc1233.o [1]
  .text              ro code   0x801'53b8      0x16  xprout.o [2]
  .text              ro code   0x801'53d0       0xc  putchar.o [2]
  .rodata            const     0x801'53dc      0x14  rs24g_sample_sc1233.o [1]
  .rodata            const     0x801'53f0      0x14  rs24g_sample_sc1233.o [1]
  .rodata            const     0x801'5404      0x14  rs24g_sample_sc1233.o [1]
  .rodata            const     0x801'5418      0x14  rs24g_sample_sc1233.o [1]
  .rodata            const     0x801'542c      0x14  rs24g_sample_sc1233.o [1]
  .rodata            const     0x801'5440      0x14  rs24g_sample_sc1233.o [1]
  .rodata            const     0x801'5454      0x10  rs24g_sample_sc1233.o [1]
  .rodata            const     0x801'5464      0x10  rs24g_sample_sc1233.o [1]
  .rodata            const     0x801'5474      0x10  rs24g_sample_sc1233.o [1]
  .rodata            const     0x801'5484      0x10  rs24g_sample_sc1233.o [1]
  .rodata            const     0x801'5494      0x10  rs24g_sample_sc1233.o [1]
  .rodata            const     0x801'54a4      0x10  rs24g_sample_sc1233.o [1]
  .rodata            const     0x801'54b4      0x10  rs24g_sample_sc1233.o [1]
  .rodata            const     0x801'54c4      0x10  rs24g_sample_sc1233.o [1]
  .rodata            const     0x801'54d4      0x10  rs24g_sample_sc1233.o [1]
  .rodata            const     0x801'54e4      0x10  system_stm32l4xx.o [1]
  .text              ro code   0x801'54f4      0x10  startup_stm32l431xx.o [1]
  .rodata            const     0x801'5504       0xc  rs24g_2d_sc1233_range.o [1]
  .rodata            const     0x801'5510       0xc  rs24g_2d_sc1233_range.o [1]
  .rodata            const     0x801'551c       0xc  rs24g_ctl_setup_range.o [1]
  .rodata            const     0x801'5528       0xc  rs24g_ctl_setup_range.o [1]
  .rodata            const     0x801'5534       0xc  rs24g_ctl_setup_range.o [1]
  .rodata            const     0x801'5540       0xc  rs24g_sample_sc1233.o [1]
  .rodata            const     0x801'554c       0xc  rs24g_sample_sc1233.o [1]
  .rodata            const     0x801'5558       0xc  rs24g_sample_sc1233.o [1]
  .text              ro code   0x801'5564       0xc  cstartup_M.o [4]
  .rodata            const     0x801'5570       0x8  common_2d.o [1]
  .rodata            const     0x801'5578       0x8  common_2d.o [1]
  .rodata            const     0x801'5580       0x8  location.o [1]
  .rodata            const     0x801'5588       0x8  location.o [1]
  .rodata            const     0x801'5590       0x8  location.o [1]
  .rodata            const     0x801'5598       0x8  location.o [1]
  .rodata            const     0x801'55a0       0x8  rs24g_2d_sc1233_range.o [1]
  .rodata            const     0x801'55a8       0x8  rs24g_2d_sc1233_range.o [1]
  .rodata            const     0x801'55b0       0x8  rs24g_2d_sc1233_range.o [1]
  .rodata            const     0x801'55b8       0x8  rs24g_2d_sc1233_range.o [1]
  .rodata            const     0x801'55c0       0x8  rs24g_ctl_setup_range.o [1]
  .rodata            const     0x801'55c8       0x8  rs24g_ctl_setup_range.o [1]
  .rodata            const     0x801'55d0       0x8  rs24g_sample_sc1233.o [1]
  .rodata            const     0x801'55d8       0x8  rs24g_sample_sc1233.o [1]
  .rodata            const     0x801'55e0       0x8  rs24g_sample_sc1233.o [1]
  .rodata            const     0x801'55e8       0x8  rs24g_sample_sc1233.o [1]
  .rodata            const     0x801'55f0       0x8  rs24g_sample_sc1233.o [1]
  .rodata            const     0x801'55f8       0x8  rs24g_sample_sc1233.o [1]
  .rodata            const     0x801'5600       0x8  system_stm32l4xx.o [1]
  .rodata            const     0x801'5608       0x4  rs24g_bin.o [1]
  .rodata            const     0x801'560c       0x4  rs24g_bin.o [1]
  .rodata            const     0x801'5610       0x4  rs24g_bin.o [1]
  .rodata            const     0x801'5614       0x4  rs24g_bin.o [1]
  .text              ro code   0x801'5618       0x4  startup_stm32l431xx.o [1]
  .text              ro code   0x801'561c       0x4  startup_stm32l431xx.o [1]
  .text              ro code   0x801'5620       0x4  startup_stm32l431xx.o [1]
  .text              ro code   0x801'5624       0x4  startup_stm32l431xx.o [1]
  .text              ro code   0x801'5628       0x4  startup_stm32l431xx.o [1]
  .text              ro code   0x801'562c       0x4  startup_stm32l431xx.o [1]
  .text              ro code   0x801'5630       0x4  startup_stm32l431xx.o [1]
  .text              ro code   0x801'5634       0x4  startup_stm32l431xx.o [1]
  .text              ro code   0x801'5638       0x4  startup_stm32l431xx.o [1]
  .text              ro code   0x801'563c       0x4  startup_stm32l431xx.o [1]
  .text              ro code   0x801'5640       0x4  startup_stm32l431xx.o [1]
  .text              ro code   0x801'5644       0x4  startup_stm32l431xx.o [1]
  .text              ro code   0x801'5648       0x4  startup_stm32l431xx.o [1]
  .text              ro code   0x801'564c       0x4  startup_stm32l431xx.o [1]
  .text              ro code   0x801'5650       0x4  startup_stm32l431xx.o [1]
  .text              ro code   0x801'5654       0x4  startup_stm32l431xx.o [1]
  .text              ro code   0x801'5658       0x4  startup_stm32l431xx.o [1]
  .text              ro code   0x801'565c       0x4  startup_stm32l431xx.o [1]
  .text              ro code   0x801'5660       0x4  startup_stm32l431xx.o [1]
  .text              ro code   0x801'5664       0x4  startup_stm32l431xx.o [1]
  .text              ro code   0x801'5668       0x4  startup_stm32l431xx.o [1]
  .text              ro code   0x801'566c       0x4  startup_stm32l431xx.o [1]
  .text              ro code   0x801'5670       0x4  startup_stm32l431xx.o [1]
  .text              ro code   0x801'5674       0x4  startup_stm32l431xx.o [1]
  .text              ro code   0x801'5678       0x4  startup_stm32l431xx.o [1]
  .text              ro code   0x801'567c       0x4  startup_stm32l431xx.o [1]
  .text              ro code   0x801'5680       0x4  startup_stm32l431xx.o [1]
  .text              ro code   0x801'5684       0x4  startup_stm32l431xx.o [1]
  .text              ro code   0x801'5688       0x4  startup_stm32l431xx.o [1]
  .text              ro code   0x801'568c       0x4  startup_stm32l431xx.o [1]
  .text              ro code   0x801'5690       0x4  startup_stm32l431xx.o [1]
  .text              ro code   0x801'5694       0x4  startup_stm32l431xx.o [1]
  .text              ro code   0x801'5698       0x4  startup_stm32l431xx.o [1]
  .text              ro code   0x801'569c       0x4  startup_stm32l431xx.o [1]
  .text              ro code   0x801'56a0       0x4  startup_stm32l431xx.o [1]
  .text              ro code   0x801'56a4       0x4  startup_stm32l431xx.o [1]
  .text              ro code   0x801'56a8       0x4  startup_stm32l431xx.o [1]
  .text              ro code   0x801'56ac       0x4  startup_stm32l431xx.o [1]
  .text              ro code   0x801'56b0       0x4  startup_stm32l431xx.o [1]
  .text              ro code   0x801'56b4       0x4  startup_stm32l431xx.o [1]
  .text              ro code   0x801'56b8       0x4  startup_stm32l431xx.o [1]
  .text              ro code   0x801'56bc       0x4  startup_stm32l431xx.o [1]
  .text              ro code   0x801'56c0       0x4  startup_stm32l431xx.o [1]
  .text              ro code   0x801'56c4       0x4  startup_stm32l431xx.o [1]
  .text              ro code   0x801'56c8       0x4  startup_stm32l431xx.o [1]
  .text              ro code   0x801'56cc       0x4  startup_stm32l431xx.o [1]
  .text              ro code   0x801'56d0       0x4  startup_stm32l431xx.o [1]
  .text              ro code   0x801'56d4       0x4  startup_stm32l431xx.o [1]
  .text              ro code   0x801'56d8       0x4  startup_stm32l431xx.o [1]
  .text              ro code   0x801'56dc       0x4  startup_stm32l431xx.o [1]
  .text              ro code   0x801'56e0       0x4  startup_stm32l431xx.o [1]
  .text              ro code   0x801'56e4       0x4  startup_stm32l431xx.o [1]
  .text              ro code   0x801'56e8       0x4  startup_stm32l431xx.o [1]
  .text              ro code   0x801'56ec       0x4  startup_stm32l431xx.o [1]
  .text              ro code   0x801'56f0       0x4  startup_stm32l431xx.o [1]
  .text              ro code   0x801'56f4       0x4  startup_stm32l431xx.o [1]
  .text              ro code   0x801'56f8       0x4  startup_stm32l431xx.o [1]
  .text              ro code   0x801'56fc       0x4  startup_stm32l431xx.o [1]
  .text              ro code   0x801'5700       0x4  startup_stm32l431xx.o [1]
  .text              ro code   0x801'5704       0x4  startup_stm32l431xx.o [1]
  .text              ro code   0x801'5708       0x4  startup_stm32l431xx.o [1]
  .text              ro code   0x801'570c       0x4  startup_stm32l431xx.o [1]
  .text              ro code   0x801'5710       0x4  startup_stm32l431xx.o [1]
  .text              ro code   0x801'5714       0x0  cstart_closeall.o [4]
  .rodata            const     0x801'5714       0x0  zero_init3.o [4]
  .rodata            const     0x801'5714       0x0  lz77_init_single.o [4]
  Initializer bytes  const     0x801'5714      0x8d  <for P2-1>
                             - 0x801'57a1  0x1'5615

"P2", part 1 of 3:                            0x184
  P2-1                        0x2000'0000     0x184  <Init block>
    .data            inited   0x2000'0000       0x4  stm32l4xx_hal.o [1]
    .data            inited   0x2000'0004       0x4  stm32l4xx_hal.o [1]
    .data            inited   0x2000'0008       0x4  system_stm32l4xx.o [1]
    .data            inited   0x2000'000c      0x38  xlocale_c.o [2]
    .data            inited   0x2000'0044      0x48  xlocale_c.o [2]
    .data            inited   0x2000'008c      0x48  xfiles.o [2]
    .data            inited   0x2000'00d4      0x48  xfiles.o [2]
    .data            inited   0x2000'011c      0x48  xfiles.o [2]
    .data            inited   0x2000'0164      0x20  xfiles.o [2]
                            - 0x2000'0184     0x184

"P2", part 2 of 3:                            0x458
  .bss               zero     0x2000'0184     0x1d8  dlmalloc.o [2]
  .bss               zero     0x2000'035c      0x80  rs_ctl_dev_poc.o [1]
  .bss               zero     0x2000'03dc      0x80  XShHandles.o [2]
  .bss               zero     0x2000'045c      0x64  rs_ctl_dev_poc.o [1]
  .bss               zero     0x2000'04c0      0x50  xfiles.o [2]
  .bss               zero     0x2000'0510      0x50  xfiles.o [2]
  .bss               zero     0x2000'0560      0x4c  rs_ctl_dev_poc.o [1]
  .bss               zero     0x2000'05ac      0x18  dlmalloc.o [2]
  .bss               zero     0x2000'05c4       0x4  rs_ctl_cmd_sc1233.o [1]
  .bss               zero     0x2000'05c8       0x4  rs_ctl_dev_poc.o [1]
  .bss               zero     0x2000'05cc       0x4  rs_ctl_dev_poc.o [1]
  .bss               zero     0x2000'05d0       0x4  stm32l4xx_hal.o [1]
  .bss               zero     0x2000'05d4       0x4  xfail_s.o [2]
  .bss               zero     0x2000'05d8       0x4  xgetmemchunk.o [2]
                            - 0x2000'05dc     0x458

"P2", part 3 of 3:                           0x9200
  CSTACK                      0x2000'05e0    0x1200  <Block>
    CSTACK           uninit   0x2000'05e0    0x1200  <Block tail>
  HEAP                        0x2000'17e0    0x8000  <Block>
    HEAP             uninit   0x2000'17e0    0x8000  <Block tail>
                            - 0x2000'97e0    0x9200

Unused ranges:

         From           To      Size
         ----           --      ----
   0x801'57a1   0x803'ffff  0x2'a85f
  0x2000'05dc  0x2000'05df       0x4
  0x2000'97e0  0x2000'ffff    0x6820


*******************************************************************************
*** INIT TABLE
***

          Address      Size
          -------      ----
Zero (__iar_zero_init3)
    1 destination range, total size 0x458:
          0x2000'0184  0x458

Copy/lz77 (__iar_lz77_init_single3)
    1 source range, total size 0x8d (36% of destination):
           0x801'5714   0x8d
    1 destination range, total size 0x184:
          0x2000'0000  0x184



*******************************************************************************
*** MODULE SUMMARY
***

    Module                            ro code  ro data  rw data
    ------                            -------  -------  -------
command line/config:
    -----------------------------------------------------------
    Total:

E:\STM32L431CCT6\2D\EWARM\CubeMX\Obj: [1]
    common_2d.o                           658       16
    location.o                          3'102      416
    main.o                                838
    qsort1.o                              656
    rs24g_2d_sc1233_base.o              1'108
    rs24g_2d_sc1233_range.o               812       56
    rs24g_2d_sc1233_version.o             132        8
    rs24g_bin.o                         3'544       20
    rs24g_bin_interface.o                  72
    rs24g_code2.o                       1'088
    rs24g_code2_local.o                   384
    rs24g_ctl_2rx.o                       304       36
    rs24g_ctl_base.o                    1'360
    rs24g_ctl_common.o                    450
    rs24g_ctl_distance.o                  242
    rs24g_ctl_sc1233_version.o            132        8
    rs24g_ctl_setup.o                     964
    rs24g_ctl_setup_base.o                714
    rs24g_ctl_setup_range.o             1'080       52
    rs24g_ctl_setup_sc1233_version.o      132        8
    rs24g_sample_sc1233.o               1'540    1'284
    rs_ctl_cmd.o                          668
    rs_ctl_cmd_sc1233.o                   180                 4
    rs_ctl_data.o                         414
    rs_ctl_dev.o                          566
    rs_ctl_dev_poc.o                      580               312
    rs_ctl_op.o                           486
    rs_ctl_sensor_data.o                   82
    rs_list.o                             340
    rs_mutex.o                             24
    rs_sleep.o                             38
    setup_2d.o                            436   10'380
    setup_bin.o                           180
    setup_common.o                      1'244
    setup_distance.o                      148
    setup_distance_wide.o                 420   10'380
    setup_fifo.o                           36
    setup_fifo_fft_1rx_wide.o             170
    setup_fifo_fft_2rx_wide.o             170
    setup_fifo_iq_1rx_wide.o              170
    setup_fifo_iq_2rx_wide.o              170
    setup_motion.o                        176
    setup_motion_wide.o                   344   10'404
    startup_stm32l431xx.o                 664
    stm32l4xx_hal.o                       208        2       12
    stm32l4xx_hal_cortex.o                344
    stm32l4xx_hal_gpio.o                  608
    stm32l4xx_hal_i2c.o                   204
    stm32l4xx_hal_i2c_ex.o                198
    stm32l4xx_hal_msp.o                   368
    stm32l4xx_hal_pwr_ex.o                148
    stm32l4xx_hal_rcc.o                 2'508
    stm32l4xx_hal_rcc_ex.o              1'184
    stm32l4xx_hal_spi.o                 2'386
    stm32l4xx_hal_uart.o                1'618
    stm32l4xx_it.o                         34
    system_stm32l4xx.o                     96       74        4
    -----------------------------------------------------------
    Total:                             36'922   33'144      332

dl7M_tlf.a: [2]
    XShHandles.o                          204               128
    abort.o                                 6
    dlmalloc.o                          5'340               496
    exit.o                                  4
    fclose.o                              126
    fflush.o                              172
    fputc.o                                84
    fseek.o                                36
    heaptramp0.o                            4
    low_level_init.o                        4
    printf.o                               40
    putchar.o                              12
    time_trampoline.o                       4
    xcloseall.o                            60
    xencoding_8859_1.o                     30
    xfail_s.o                              64                 4
    xfgpos.o                               12
    xfiles.o                                        91      408
    xfofind.o                             156
    xfspos.o                              216
    xfwprep.o                             180
    xgetmemchunk.o                         44                 4
    xlocale_c.o                           124       51      128
    xmbcurmax.o                            10
    xprintffull.o                       4'294
    xprout.o                               22
    -----------------------------------------------------------
    Total:                             11'248      142    1'168

m7M_tls.a: [3]
    DblAdd.o                              378
    DblCmpEq.o                             32
    DblCmpGe.o                             46
    DblCmpLe.o                             46
    DblDiv.o                              582
    DblMul.o                              418
    DblSub.o                              226
    DblToS32.o                             58
    DblToU32.o                             40
    S32ToDbl.o                             34
    U32ToDbl.o                             26
    asin64.o                              236
    atan2_64.o                            316
    ceil.o                                102
    floor.o                               104
    fpinit_M.o                             34
    frexp.o                               112
    iar_Atan64.o                          464       64
    ldexp.o                               314
    logx64.o                              796
    math_wrappers64.o                      46
    round.o                                98
    sqrt.o                                242
    -----------------------------------------------------------
    Total:                              4'750       64

rt7M_tl.a: [4]
    ABImemclr.o                             6
    ABImemcpy.o                           166
    ABImemset.o                           102
    I64DivMod.o                           560
    I64DivZer.o                             2
    cexit.o                                14
    cmain.o                                30
    cstart_closeall.o
    cstartup_M.o                           12
    data_init.o                            40
    lz77_init_single.o                    120
    memchr.o                               88
    memset.o                               20
    strchr.o                               22
    strlen.o                               54
    zero_init3.o                           58
    -----------------------------------------------------------
    Total:                              1'294

shb_l.a: [5]
    close.o                                24
    dwrite.o                               30
    exit.o                                 20
    iarwrite.o                             34
    iarwstdswo.o                           80
    lseek.o                                74
    remove.o                               20
    time.o                                 18
    unwind_debug.o                                   1
    write.o                                16
    -----------------------------------------------------------
    Total:                                316        1

    Gaps                                   46       10
    Linker created                                  32   37'376
---------------------------------------------------------------
    Grand Total:                       54'576   33'393   38'876


*******************************************************************************
*** ENTRY LIST
***

Entry                       Address   Size  Type      Object
-----                       -------   ----  ----      ------
.iar.init_table$$Base    0x801'5068          --   Gb  - Linker created -
.iar.init_table$$Limit   0x801'5088          --   Gb  - Linker created -
?main                    0x801'5249         Code  Gb  cmain.o [4]
AHBPrescTable            0x801'54e4   0x10  Data  Gb  system_stm32l4xx.o [1]
APBPrescTable            0x801'5600    0x8  Data  Gb  system_stm32l4xx.o [1]
BusFault_Handler         0x801'500f    0x2  Code  Gb  stm32l4xx_it.o [1]
CSTACK$$Base            0x2000'05e0          --   Gb  - Linker created -
CSTACK$$Limit           0x2000'17e0          --   Gb  - Linker created -
CacheMore                0x800'2841   0x28  Code  Lc  xlocale_c.o [2]
DebugMon_Handler         0x801'5015    0x2  Code  Gb  stm32l4xx_it.o [1]
EXTI0_IRQHandler         0x801'5021    0xa  Code  Gb  stm32l4xx_it.o [1]
Error_Handler            0x800'df0d    0x2  Code  Gb  main.o [1]
HAL_Delay                0x800'e539   0x28  Code  Wk  stm32l4xx_hal.o [1]
HAL_GPIO_EXTI_Callback   0x800'deaf   0x2c  Code  Gb  main.o [1]
HAL_GPIO_EXTI_IRQHandler
                         0x800'db7b   0x20  Code  Gb  stm32l4xx_hal_gpio.o [1]
HAL_GPIO_Init            0x800'd969  0x1ca  Code  Gb  stm32l4xx_hal_gpio.o [1]
HAL_GPIO_ReadPin         0x800'db33   0x16  Code  Gb  stm32l4xx_hal_gpio.o [1]
HAL_GPIO_TogglePin       0x800'db61   0x1a  Code  Gb  stm32l4xx_hal_gpio.o [1]
HAL_GPIO_WritePin        0x800'db49   0x18  Code  Gb  stm32l4xx_hal_gpio.o [1]
HAL_GetTick              0x800'cc99    0xc  Code  Wk  stm32l4xx_hal.o [1]
HAL_I2CEx_ConfigAnalogFilter
                         0x800'eacd   0x64  Code  Gb  stm32l4xx_hal_i2c_ex.o [1]
HAL_I2CEx_ConfigDigitalFilter
                         0x800'eb31   0x62  Code  Gb  stm32l4xx_hal_i2c_ex.o [1]
HAL_I2C_Init             0x800'ea01   0xcc  Code  Gb  stm32l4xx_hal_i2c.o [1]
HAL_I2C_MspInit          0x800'd813   0x60  Code  Gb  stm32l4xx_hal_msp.o [1]
HAL_IncTick              0x801'502d   0x18  Code  Wk  stm32l4xx_hal.o [1]
HAL_Init                 0x800'df11   0x24  Code  Gb  stm32l4xx_hal.o [1]
HAL_InitTick             0x800'cc39   0x60  Code  Wk  stm32l4xx_hal.o [1]
HAL_MspInit              0x800'd7e5   0x2e  Code  Gb  stm32l4xx_hal_msp.o [1]
HAL_NVIC_EnableIRQ       0x800'ce57    0xe  Code  Gb  stm32l4xx_hal_cortex.o [1]
HAL_NVIC_SetPriority     0x800'ce2d   0x2a  Code  Gb  stm32l4xx_hal_cortex.o [1]
HAL_NVIC_SetPriorityGrouping
                         0x800'ce21    0xc  Code  Gb  stm32l4xx_hal_cortex.o [1]
HAL_PWREx_ControlVoltageScaling
                         0x800'ccb1   0x76  Code  Gb  stm32l4xx_hal_pwr_ex.o [1]
HAL_PWREx_GetVoltageRange
                         0x800'cca5    0xc  Code  Gb  stm32l4xx_hal_pwr_ex.o [1]
HAL_RCCEx_PeriphCLKConfig
                         0x800'e561  0x304  Code  Gb  stm32l4xx_hal_rcc_ex.o [1]
HAL_RCC_ClockConfig      0x800'c907  0x14c  Code  Gb  stm32l4xx_hal_rcc.o [1]
HAL_RCC_GetHCLKFreq      0x800'cb27    0x6  Code  Gb  stm32l4xx_hal_rcc.o [1]
HAL_RCC_GetPCLK1Freq     0x800'cb2d   0x1a  Code  Gb  stm32l4xx_hal_rcc.o [1]
HAL_RCC_GetPCLK2Freq     0x800'cb47   0x1a  Code  Gb  stm32l4xx_hal_rcc.o [1]
HAL_RCC_GetSysClockFreq
                         0x800'ca53   0xd4  Code  Gb  stm32l4xx_hal_rcc.o [1]
HAL_RCC_OscConfig        0x800'c26d  0x69a  Code  Gb  stm32l4xx_hal_rcc.o [1]
HAL_SPI_Init             0x800'ce91   0xc4  Code  Gb  stm32l4xx_hal_spi.o [1]
HAL_SPI_MspInit          0x800'd873   0x62  Code  Gb  stm32l4xx_hal_msp.o [1]
HAL_SPI_Receive          0x800'd13d  0x1a4  Code  Gb  stm32l4xx_hal_spi.o [1]
HAL_SPI_Transmit         0x800'cf55  0x1e8  Code  Gb  stm32l4xx_hal_spi.o [1]
HAL_SPI_TransmitReceive
                         0x800'd2e1  0x2ce  Code  Gb  stm32l4xx_hal_spi.o [1]
HAL_SYSTICK_Config       0x800'ce65    0xc  Code  Gb  stm32l4xx_hal_cortex.o [1]
HAL_UART_Init            0x800'eb95   0x7a  Code  Gb  stm32l4xx_hal_uart.o [1]
HAL_UART_MspInit         0x800'd8d5   0x64  Code  Gb  stm32l4xx_hal_msp.o [1]
HEAP$$Base              0x2000'17e0          --   Gb  - Linker created -
HEAP$$Limit             0x2000'97e0          --   Gb  - Linker created -
HardFault_Handler        0x801'500b    0x2  Code  Gb  stm32l4xx_it.o [1]
MSIRangeTable            0x801'4e0c   0x30  Data  Gb  system_stm32l4xx.o [1]
MX_GPIO_Init             0x800'dda9  0x106  Code  Lc  main.o [1]
MX_I2C1_Init             0x800'dcc3   0x5a  Code  Lc  main.o [1]
MX_SPI1_Init             0x800'dd1d   0x50  Code  Lc  main.o [1]
MX_USART1_UART_Init      0x800'dd6d   0x3c  Code  Lc  main.o [1]
MemManage_Handler        0x801'500d    0x2  Code  Gb  stm32l4xx_it.o [1]
NMI_Handler              0x801'5009    0x2  Code  Gb  stm32l4xx_it.o [1]
NVIC_EncodePriority      0x800'cdb1   0x40  Code  Lc  stm32l4xx_hal_cortex.o [1]
PendSV_Handler           0x801'5017    0x2  Code  Gb  stm32l4xx_it.o [1]
RCCEx_PLLSAI1_Config     0x800'e879  0x16e  Code  Lc  stm32l4xx_hal_rcc_ex.o [1]
RCC_SetFlashLatencyFromMSIRange
                         0x800'cb75   0x8a  Code  Lc  stm32l4xx_hal_rcc.o [1]
Region$$Table$$Base      0x801'5068          --   Gb  - Linker created -
Region$$Table$$Limit     0x801'5088          --   Gb  - Linker created -
SPI_EndRxTransaction     0x800'd6f3   0x86  Code  Lc  stm32l4xx_hal_spi.o [1]
SPI_EndRxTxTransaction   0x800'd779   0x6a  Code  Lc  stm32l4xx_hal_spi.o [1]
SPI_WaitFifoStateUntilTimeout
                         0x800'd64f   0xa4  Code  Lc  stm32l4xx_hal_spi.o [1]
SPI_WaitFlagStateUntilTimeout
                         0x800'd5af   0xa0  Code  Lc  stm32l4xx_hal_spi.o [1]
SVC_Handler              0x801'5013    0x2  Code  Gb  stm32l4xx_it.o [1]
SysTick_Config           0x800'cdf1   0x30  Code  Lc  stm32l4xx_hal_cortex.o [1]
SysTick_Handler          0x801'5019    0x8  Code  Gb  stm32l4xx_it.o [1]
SystemClock_Config       0x800'dc2d   0x96  Code  Gb  main.o [1]
SystemCoreClock         0x2000'0008    0x4  Data  Gb  system_stm32l4xx.o [1]
SystemInit               0x801'4cb9   0x42  Code  Gb  system_stm32l4xx.o [1]
UART_AdvFeatureConfig    0x800'eff5   0xda  Code  Gb  stm32l4xx_hal_uart.o [1]
UART_CheckIdleState      0x800'f0cf   0x68  Code  Gb  stm32l4xx_hal_uart.o [1]
UART_SetConfig           0x800'ec0f  0x3c2  Code  Gb  stm32l4xx_hal_uart.o [1]
UART_WaitOnFlagUntilTimeout
                         0x800'f137   0xb0  Code  Gb  stm32l4xx_hal_uart.o [1]
UsageFault_Handler       0x801'5011    0x2  Code  Gb  stm32l4xx_it.o [1]
_Close_all               0x801'4dd1   0x3c  Code  Gb  xcloseall.o [2]
_Encoding_8859_1_Mbrlen
                         0x800'16ed    0x2  Code  Gb  xencoding_8859_1.o [2]
_Encoding_8859_1_Wctomb
                         0x800'16db   0x12  Code  Gb  xencoding_8859_1.o [2]
_Files                  0x2000'0164   0x20  Data  Gb  xfiles.o [2]
_Fofree                  0x801'4571   0x96  Code  Gb  xfofind.o [2]
_Fspos                   0x801'414d   0xd8  Code  Gb  xfspos.o [2]
_Fwprep                  0x801'4497   0xb4  Code  Gb  xfwprep.o [2]
_LitobFull               0x800'2687  0x10a  Code  Lc  xprintffull.o [2]
_Locale_lconv           0x2000'000c   0x38  Data  Lc  xlocale_c.o [2]
_Main                    0x800'e345  0x116  Code  Gb  rs24g_sample_sc1233.o [1]
_Nnl                     0x801'42d1    0xc  Code  Gb  xfgpos.o [2]
_PrintfFull              0x800'1775  0xcc4  Code  Gb  xprintffull.o [2]
_Prout                   0x801'53b9   0x16  Code  Gb  xprout.o [2]
_PutcharsFull            0x800'27f9   0x2e  Code  Lc  xprintffull.o [2]
_PutstrFull              0x800'25c7   0xc0  Code  Lc  xprintffull.o [2]
_PuttxtFull              0x800'24bb  0x10c  Code  Lc  xprintffull.o [2]
__NVIC_EnableIRQ         0x800'cd67   0x1e  Code  Lc  stm32l4xx_hal_cortex.o [1]
__NVIC_GetPriorityGrouping
                         0x800'cd5b    0xc  Code  Lc  stm32l4xx_hal_cortex.o [1]
__NVIC_SetPriority       0x800'cd85   0x2c  Code  Lc  stm32l4xx_hal_cortex.o [1]
__NVIC_SetPriorityGrouping
                         0x800'cd39   0x22  Code  Lc  stm32l4xx_hal_cortex.o [1]
__aeabi_cdcmpeq          0x800'50d1         Code  Gb  DblCmpEq.o [3]
__aeabi_cdcmple          0x800'2ab9         Code  Gb  DblCmpLe.o [3]
__aeabi_cdrcmple         0x800'2ae9         Code  Gb  DblCmpGe.o [3]
__aeabi_d2iz             0x800'2c55         Code  Gb  DblToS32.o [3]
__aeabi_d2uiz            0x800'2fe1         Code  Gb  DblToU32.o [3]
__aeabi_dadd             0x800'3401         Code  Gb  DblAdd.o [3]
__aeabi_ddiv             0x800'2d99         Code  Gb  DblDiv.o [3]
__aeabi_dmul             0x800'3025         Code  Gb  DblMul.o [3]
__aeabi_dsub             0x800'2cb5         Code  Gb  DblSub.o [3]
__aeabi_i2d              0x800'2c91         Code  Gb  S32ToDbl.o [3]
__aeabi_ldiv0            0x800'357d         Code  Gb  I64DivZer.o [4]
__aeabi_memclr           0x800'16d5         Code  Gb  ABImemclr.o [4]
__aeabi_memcpy           0x800'29a1         Code  Gb  ABImemcpy.o [4]
__aeabi_memcpy4          0x800'29c1         Code  Gb  ABImemcpy.o [4]
__aeabi_memcpy8          0x800'29c1         Code  Gb  ABImemcpy.o [4]
__aeabi_memset           0x800'170d         Code  Gb  ABImemset.o [4]
__aeabi_ui2d             0x800'3009         Code  Gb  U32ToDbl.o [3]
__aeabi_uldivmod         0x800'31d1         Code  Gb  I64DivMod.o [4]
__cexit_closeall         0x801'5273         Code  Gb  cexit.o [4]
__close                  0x801'468b   0x18  Code  Gb  close.o [5]
__cmain                  0x801'5249         Code  Gb  cmain.o [4]
__cstart_closeall        0x801'5714         Data  Gb  cstart_closeall.o [4]
__data_GetMemChunk       0x800'16a9   0x2c  Code  Gb  xgetmemchunk.o [2]
__data_GetMemChunk::start
                        0x2000'05d8    0x4  Data  Lc  xgetmemchunk.o [2]
__dwrite                 0x801'4405   0x1e  Code  Gb  dwrite.o [5]
__exit                   0x800'16f9   0x14  Code  Gb  exit.o [5]
__iar_Atan64             0x800'5c7d  0x1d0  Code  Gb  iar_Atan64.o [3]
__iar_Fail_s             0x800'28d1   0x1c  Code  Gb  xfail_s.o [2]
__iar_Log64              0x800'586d  0x280  Code  Lc  logx64.o [3]
__iar_Mbcurmax           0x800'31c7    0xa  Code  Gb  xmbcurmax.o [2]
__iar_Memchr             0x800'2949         Code  Gb  memchr.o [4]
__iar_Memset             0x800'170d         Code  Gb  ABImemset.o [4]
__iar_Memset_word        0x800'1715         Code  Gb  ABImemset.o [4]
__iar_Stderr            0x2000'011c   0x48  Data  Gb  xfiles.o [2]
__iar_Stdin             0x2000'008c   0x48  Data  Gb  xfiles.o [2]
__iar_Stdout            0x2000'00d4   0x48  Data  Gb  xfiles.o [2]
__iar_Strchr             0x800'28b9         Code  Gb  strchr.o [4]
__iar_asin64             0x800'5645   0xec  Code  Gb  asin64.o [3]
__iar_atan2_64           0x800'5731  0x13c  Code  Gb  atan2_64.o [3]
__iar_ceil64             0x801'2a29         Code  Gb  ceil.o [3]
__iar_dadd               0x800'2cc5         Code  Gb  DblSub.o [3]
__iar_data_init3         0x801'4f2d   0x28  Code  Gb  data_init.o [4]
__iar_debug_exceptions   0x800'5612    0x1  Data  Gb  unwind_debug.o [5]
__iar_dlcalloc           0x800'1625   0x3e  Code  Gb  dlmalloc.o [2]
__iar_dlfree             0x800'1103  0x51e  Code  Gb  dlmalloc.o [2]
__iar_dlmalloc           0x800'0215  0xeee  Code  Gb  dlmalloc.o [2]
__iar_dsub               0x800'3411         Code  Gb  DblAdd.o [3]
__iar_dsubStart          0x800'3423         Code  Gb  DblAdd.o [3]
__iar_floor64            0x801'2a91         Code  Gb  floor.o [3]
__iar_frexp              0x800'2a55         Code  Gb  frexp.o [3]
__iar_frexpl             0x800'2a55         Code  Gb  frexp.o [3]
__iar_globLocale        0x2000'0044   0x48  Data  Lc  xlocale_c.o [2]
__iar_global_Locale      0x800'283d    0x4  Code  Gb  xlocale_c.o [2]
__iar_init_vfp           0x801'5045         Code  Gb  fpinit_M.o [3]
__iar_ldexp64            0x800'2b19         Code  Gb  ldexp.o [3]
__iar_log10_64           0x800'5b85    0x4  Code  Gb  logx64.o [3]
__iar_log10_medium       0x800'5b85    0x4  Code  Gb  logx64.o [3]
__iar_log10_medium64     0x800'5b85    0x4  Code  Gb  logx64.o [3]
__iar_log10_mediuml      0x800'5b85    0x4  Code  Gb  logx64.o [3]
__iar_lz77_init_single3
                         0x801'46b7   0x78  Code  Gb  lz77_init_single.o [4]
__iar_program_start      0x801'5565         Code  Gb  cstartup_M.o [4]
__iar_round64            0x801'29c5         Code  Gb  round.o [3]
__iar_scalbln64          0x800'2b19         Code  Gb  ldexp.o [3]
__iar_scalbn64           0x800'2b19         Code  Gb  ldexp.o [3]
__iar_sh_Discard         0x801'4339   0x42  Code  Gb  XShHandles.o [2]
__iar_sh_Move            0x801'437b   0x46  Code  Gb  XShHandles.o [2]
__iar_sh_Pos             0x801'43c1   0x3e  Code  Gb  XShHandles.o [2]
__iar_sh_stdout_swo      0x801'4425   0x50  Code  Gb  iarwstdswo.o [5]
__iar_sh_write           0x801'4475   0x22  Code  Gb  iarwrite.o [5]
__iar_softfp___iar_frexp64
                         0x800'2a49         Code  Gb  frexp.o [3]
__iar_softfp_frexp       0x800'2a49         Code  Gb  frexp.o [3]
__iar_softfp_frexpl      0x800'2a49         Code  Gb  frexp.o [3]
__iar_sqrt64             0x800'5b89         Code  Gb  sqrt.o [3]
__iar_vfp___iar_ceil64   0x801'2a19         Code  Gb  ceil.o [3]
__iar_vfp___iar_floor64
                         0x801'2a81         Code  Gb  floor.o [3]
__iar_vfp___iar_round64
                         0x801'29b5         Code  Gb  round.o [3]
__iar_vfp_asin           0x800'561b    0xc  Code  Gb  math_wrappers64.o [3]
__iar_vfp_atan2          0x800'5627   0x10  Code  Gb  math_wrappers64.o [3]
__iar_vfp_ceil           0x801'2a19         Code  Gb  ceil.o [3]
__iar_vfp_ceill          0x801'2a19         Code  Gb  ceil.o [3]
__iar_vfp_floor          0x801'2a81         Code  Gb  floor.o [3]
__iar_vfp_floorl         0x801'2a81         Code  Gb  floor.o [3]
__iar_vfp_log10          0x800'5637    0xc  Code  Gb  math_wrappers64.o [3]
__iar_vfp_round          0x801'29b5         Code  Gb  round.o [3]
__iar_vfp_roundl         0x801'29b5         Code  Gb  round.o [3]
__iar_zero_init3         0x800'166f   0x3a  Code  Gb  zero_init3.o [4]
__low_level_init         0x801'5267    0x4  Code  Gb  low_level_init.o [2]
__lseek                  0x801'42dd   0x4a  Code  Gb  lseek.o [5]
__time32                 0x801'2951   0x12  Code  Gb  time.o [5]
__vector_table           0x800'0000         Data  Gb  startup_stm32l431xx.o [1]
__write                  0x801'4327   0x10  Code  Gb  write.o [5]
_call_main               0x801'5255         Code  Gb  cmain.o [4]
_exit                    0x801'5271         Code  Gb  cexit.o [4]
_gLocale_mblen           0x800'28a5    0x4  Code  Gb  xlocale_c.o [2]
_gLocale_mblenInt        0x800'2869   0x2c  Code  Gb  xlocale_c.o [2]
_gLocale_wctomb          0x800'28a9    0x4  Code  Gb  xlocale_c.o [2]
_gLocale_wctombInt       0x800'28a1    0x4  Code  Gb  xlocale_c.o [2]
_gm_                    0x2000'0184  0x1d8  Data  Lc  dlmalloc.o [2]
_main                    0x801'5263         Code  Gb  cmain.o [4]
a                        0x801'4d90   0x40  Data  Lc  iar_Atan64.o [3]
abort                    0x800'1669    0x6  Code  Gb  abort.o [2]
add_loc_dev              0x800'4871   0x80  Code  Lc  location.o [1]
add_section              0x800'39ed   0x20  Code  Lc  rs24g_bin.o [1]
angle_get                0x800'52bb   0xc8  Code  Gb  common_2d.o [1]
asin                     0x800'5645   0xec  Code  Gb  asin64.o [3]
asinl                    0x800'5645   0xec  Code  Gb  asin64.o [3]
atan2                    0x800'5731  0x13c  Code  Gb  atan2_64.o [3]
atan2l                   0x800'5731  0x13c  Code  Gb  atan2_64.o [3]
bin_getcode              0x801'0af7   0x8a  Code  Gb  setup_bin.o [1]
bin_getmode              0x801'0b81   0x2a  Code  Gb  setup_bin.o [1]
bload16                  0x800'3671   0x3c  Code  Lc  rs24g_bin.o [1]
bload16                  0x801'2ae9   0x3c  Code  Lc  rs24g_code2.o [1]
bload16a                 0x801'2bb5   0x30  Code  Lc  rs24g_code2.o [1]
bload32                  0x800'36ad   0x54  Code  Lc  rs24g_bin.o [1]
bload32                  0x801'2b25   0x54  Code  Lc  rs24g_code2.o [1]
bload32a                 0x801'2be5   0x30  Code  Lc  rs24g_code2.o [1]
bload32s                 0x801'2c15   0x14  Code  Lc  rs24g_code2.o [1]
bload8                   0x800'364d   0x24  Code  Lc  rs24g_bin.o [1]
bload8a                  0x800'3701   0x3c  Code  Lc  rs24g_bin.o [1]
bload8a                  0x801'2b79   0x3c  Code  Lc  rs24g_code2.o [1]
bsave16                  0x800'35a3   0x30  Code  Lc  rs24g_bin.o [1]
bsave32                  0x800'35d3   0x3e  Code  Lc  rs24g_bin.o [1]
bsave8                   0x800'3581   0x22  Code  Lc  rs24g_bin.o [1]
bsave8a                  0x800'3611   0x3c  Code  Lc  rs24g_bin.o [1]
calc_angle               0x800'5159   0xe0  Code  Gb  common_2d.o [1]
calc_angle_int           0x800'5259   0x62  Code  Gb  common_2d.o [1]
calc_angle_variance      0x800'4d9d   0xac  Code  Lc  location.o [1]
calc_eloc_score          0x800'44d3   0x78  Code  Lc  location.o [1]
calc_phase_diff          0x800'50f1   0x68  Code  Gb  common_2d.o [1]
ceil                     0x801'2a29         Code  Gb  ceil.o [3]
ceill                    0x801'2a29         Code  Gb  ceil.o [3]
check_header             0x800'3791   0x76  Code  Lc  rs24g_bin.o [1]
check_idx_data           0x800'4f7b   0x10  Code  Lc  rs_list.o [1]
choice_chirp_time        0x801'5510    0xc  Data  Lc  rs24g_2d_sc1233_range.o [1]
choice_chirp_time        0x801'5528    0xc  Data  Lc  rs24g_ctl_setup_range.o [1]
choice_digital_beam_shaper
                         0x801'55c8    0x8  Data  Lc  rs24g_ctl_setup_range.o [1]
choice_distance_step     0x801'5534    0xc  Data  Lc  rs24g_ctl_setup_range.o [1]
choice_high_pass_filter
                         0x801'55b0    0x8  Data  Lc  rs24g_2d_sc1233_range.o [1]
choice_high_pass_filter
                         0x801'55c0    0x8  Data  Lc  rs24g_ctl_setup_range.o [1]
choice_mode              0x801'55a0    0x8  Data  Lc  rs24g_2d_sc1233_range.o [1]
choice_rx_gain           0x801'5504    0xc  Data  Lc  rs24g_2d_sc1233_range.o [1]
choice_rx_gain           0x801'551c    0xc  Data  Lc  rs24g_ctl_setup_range.o [1]
choice_sort_order        0x801'55a8    0x8  Data  Lc  rs24g_2d_sc1233_range.o [1]
choice_stationary        0x801'55b8    0x8  Data  Lc  rs24g_2d_sc1233_range.o [1]
compare_eloc_score       0x800'447d   0x56  Code  Lc  location.o [1]
compare_fp               0x800'48f1   0x44  Code  Lc  location.o [1]
compare_sort_eloc        0x800'4935  0x176  Code  Gb  location.o [1]
conv_power               0x801'1d35   0x38  Code  Lc  rs24g_ctl_common.o [1]
d                        0x801'5570    0x8  Data  Lc  common_2d.o [1]
data_section_header_size
                         0x801'5614    0x4  Data  Lc  rs24g_bin.o [1]
distance_init            0x801'02e1   0x2e  Code  Gb  setup_distance.o [1]
distance_range           0x801'1ce7   0x4e  Code  Lc  rs24g_ctl_common.o [1]
distance_wide_getcode    0x801'06a5  0x150  Code  Gb  setup_distance_wide.o [1]
distance_wide_update_param
                         0x801'080d   0x3c  Code  Gb  setup_distance_wide.o [1]
ebuf                    0x2000'04c0   0x50  Data  Lc  xfiles.o [2]
effective_chirp_bandwidth
                         0x801'1f9b   0x1c  Code  Gb  setup_common.o [1]
exit                     0x801'526b    0x4  Code  Gb  exit.o [2]
fclose                   0x801'460d   0x7e  Code  Gb  fclose.o [2]
fflush                   0x801'4299   0x34  Code  Gb  fflush.o [2]
fflushOne                0x801'4225   0x74  Code  Lc  fflush.o [2]
fifo_fft_1rx_wide_getcode
                         0x801'0849   0x7a  Code  Gb  setup_fifo_fft_1rx_wide.o [1]
fifo_fft_1rx_wide_update_param
                         0x801'08d1   0x22  Code  Gb  setup_fifo_fft_1rx_wide.o [1]
fifo_fft_2rx_wide_getcode
                         0x801'08f5   0x7a  Code  Gb  setup_fifo_fft_2rx_wide.o [1]
fifo_fft_2rx_wide_update_param
                         0x801'097d   0x22  Code  Gb  setup_fifo_fft_2rx_wide.o [1]
fifo_init                0x801'0529   0x24  Code  Gb  setup_fifo.o [1]
fifo_iq_1rx_wide_getcode
                         0x801'09a1   0x7a  Code  Gb  setup_fifo_iq_1rx_wide.o [1]
fifo_iq_1rx_wide_update_param
                         0x801'0a29   0x22  Code  Gb  setup_fifo_iq_1rx_wide.o [1]
fifo_iq_2rx_wide_getcode
                         0x801'0a4d   0x7a  Code  Gb  setup_fifo_iq_2rx_wide.o [1]
fifo_iq_2rx_wide_update_param
                         0x801'0ad5   0x22  Code  Gb  setup_fifo_iq_2rx_wide.o [1]
floor                    0x801'2a91         Code  Gb  floor.o [3]
floorl                   0x801'2a91         Code  Gb  floor.o [3]
fputc                    0x801'4d19   0x54  Code  Gb  fputc.o [2]
free                     0x800'4359    0x4  Code  Gb  heaptramp0.o [2]
free_data_section        0x800'373d   0x1a  Code  Lc  rs24g_bin.o [1]
free_general_section     0x800'3757   0x1a  Code  Lc  rs24g_bin.o [1]
free_section             0x800'3771   0x20  Code  Lc  rs24g_bin.o [1]
fseek                    0x801'454b   0x24  Code  Gb  fseek.o [2]
get_2rx_peak_data        0x800'ffa5   0x40  Code  Gb  rs24g_ctl_2rx.o [1]
get_data_section_size    0x800'3807   0x18  Code  Lc  rs24g_bin.o [1]
get_devdata              0x801'1c35   0xb2  Code  Gb  rs24g_ctl_common.o [1]
get_distance_data        0x801'1d71   0x86  Code  Gb  rs24g_ctl_common.o [1]
get_expected_crc         0x801'0c4f   0x3c  Code  Lc  rs24g_ctl_setup.o [1]
get_level                0x800'435d  0x106  Code  Lc  location.o [1]
header_magic             0x800'50ce    0x1  Data  Lc  rs24g_bin.o [1]
header_reserved1         0x800'50cf    0x1  Data  Lc  rs24g_bin.o [1]
header_reserved2         0x801'560c    0x4  Data  Lc  rs24g_bin.o [1]
header_reserved3         0x800'2a46    0x2  Data  Lc  rs24g_bin.o [1]
header_size              0x801'5608    0x4  Data  Lc  rs24g_bin.o [1]
hi2c1                   0x2000'0560   0x4c  Data  Gb  rs_ctl_dev_poc.o [1]
hspi1                   0x2000'045c   0x64  Data  Gb  rs_ctl_dev_poc.o [1]
huart1                  0x2000'035c   0x80  Data  Gb  rs_ctl_dev_poc.o [1]
init_eloc_score          0x800'4465    0xe  Code  Lc  location.o [1]
init_mparams             0x800'01a7   0x2c  Code  Lc  dlmalloc.o [2]
init_top                 0x800'01d3   0x34  Code  Lc  dlmalloc.o [2]
is_detect_triggered     0x2000'05cc    0x4  Data  Gb  rs_ctl_dev_poc.o [1]
is_or_triggered         0x2000'05c8    0x4  Data  Gb  rs_ctl_dev_poc.o [1]
lambda                   0x801'5578    0x8  Data  Lc  common_2d.o [1]
ldexp                    0x800'2b19         Code  Gb  ldexp.o [3]
ldexpl                   0x800'2b19         Code  Gb  ldexp.o [3]
load_data_section        0x800'38b7   0x96  Code  Lc  rs24g_bin.o [1]
load_general_section     0x800'3985   0x68  Code  Lc  rs24g_bin.o [1]
load_sections            0x800'3a91  0x118  Code  Lc  rs24g_bin.o [1]
loc_get                  0x800'4e5d  0x11e  Code  Gb  location.o [1]
loc_input                0x800'4b57  0x246  Code  Gb  location.o [1]
localeconv               0x800'28ad    0x4  Code  Gb  xlocale_c.o [2]
log10                    0x800'5b85    0x4  Code  Gb  logx64.o [3]
log10l                   0x800'5b85    0x4  Code  Gb  logx64.o [3]
lprintf                  0x800'df35   0x12  Code  Gb  rs24g_sample_sc1233.o [1]
main                     0x800'dbc9   0x64  Code  Gb  main.o [1]
memchr                   0x800'2949         Code  Gb  memchr.o [4]
memset                   0x800'd955   0x14  Code  Gb  memset.o [4]
mode_2d_getcode          0x801'039f  0x13a  Code  Gb  setup_2d.o [1]
mode_2d_init             0x801'0375   0x2a  Code  Gb  setup_2d.o [1]
mode_2d_normal_50db_220us
                         0x801'5128   0x20  Data  Lc  setup_2d.o [1]
mode_2d_normal_50db_220us_fftwin
                         0x801'30a8  0x100  Data  Lc  setup_2d.o [1]
mode_2d_normal_50db_220us_regaddr
                         0x801'4880   0x6c  Data  Lc  setup_2d.o [1]
mode_2d_normal_50db_220us_regval
                         0x801'3c3c   0xd8  Data  Lc  setup_2d.o [1]
mode_2d_normal_50db_220us_seq
                         0x800'5e4c  0xb20  Data  Lc  setup_2d.o [1]
mode_2d_normal_60db_1100us
                         0x801'5148   0x20  Data  Lc  setup_2d.o [1]
mode_2d_normal_60db_1100us_fftwin
                         0x801'31a8  0x100  Data  Lc  setup_2d.o [1]
mode_2d_normal_60db_1100us_regaddr
                         0x801'48ec   0x6c  Data  Lc  setup_2d.o [1]
mode_2d_normal_60db_1100us_regval
                         0x801'3d14   0xd8  Data  Lc  setup_2d.o [1]
mode_2d_normal_60db_1100us_seq
                         0x800'696c  0xb20  Data  Lc  setup_2d.o [1]
mode_2d_normal_60db_220us
                         0x801'5168   0x20  Data  Lc  setup_2d.o [1]
mode_2d_normal_60db_220us_fftwin
                         0x801'32a8  0x100  Data  Lc  setup_2d.o [1]
mode_2d_normal_60db_220us_regaddr
                         0x801'4958   0x6c  Data  Lc  setup_2d.o [1]
mode_2d_normal_60db_220us_regval
                         0x801'3dec   0xd8  Data  Lc  setup_2d.o [1]
mode_2d_normal_60db_220us_seq
                         0x800'748c  0xb20  Data  Lc  setup_2d.o [1]
mode_2d_update_param     0x801'04ed   0x3c  Code  Gb  setup_2d.o [1]
mode_distance_wide_normal_50db_220us
                         0x801'5188   0x20  Data  Lc  setup_distance_wide.o [1]
mode_distance_wide_normal_50db_220us_fftwin
                         0x801'33a8  0x100  Data  Lc  setup_distance_wide.o [1]
mode_distance_wide_normal_50db_220us_regaddr
                         0x801'49c4   0x6c  Data  Lc  setup_distance_wide.o [1]
mode_distance_wide_normal_50db_220us_regval
                         0x801'3ec4   0xd8  Data  Lc  setup_distance_wide.o [1]
mode_distance_wide_normal_50db_220us_seq
                         0x800'7fac  0xb20  Data  Lc  setup_distance_wide.o [1]
mode_distance_wide_normal_60db_1100us
                         0x801'51a8   0x20  Data  Lc  setup_distance_wide.o [1]
mode_distance_wide_normal_60db_1100us_fftwin
                         0x801'34a8  0x100  Data  Lc  setup_distance_wide.o [1]
mode_distance_wide_normal_60db_1100us_regaddr
                         0x801'4a30   0x6c  Data  Lc  setup_distance_wide.o [1]
mode_distance_wide_normal_60db_1100us_regval
                         0x801'3f9c   0xd8  Data  Lc  setup_distance_wide.o [1]
mode_distance_wide_normal_60db_1100us_seq
                         0x800'8acc  0xb20  Data  Lc  setup_distance_wide.o [1]
mode_distance_wide_normal_60db_220us
                         0x801'51c8   0x20  Data  Lc  setup_distance_wide.o [1]
mode_distance_wide_normal_60db_220us_fftwin
                         0x801'35a8  0x100  Data  Lc  setup_distance_wide.o [1]
mode_distance_wide_normal_60db_220us_regaddr
                         0x801'4a9c   0x6c  Data  Lc  setup_distance_wide.o [1]
mode_distance_wide_normal_60db_220us_regval
                         0x801'4074   0xd8  Data  Lc  setup_distance_wide.o [1]
mode_distance_wide_normal_60db_220us_seq
                         0x800'95ec  0xb20  Data  Lc  setup_distance_wide.o [1]
mode_motion_wide_50db_220us
                         0x801'51e8   0x20  Data  Lc  setup_motion_wide.o [1]
mode_motion_wide_50db_220us_fftwin
                         0x801'36a8  0x100  Data  Lc  setup_motion_wide.o [1]
mode_motion_wide_50db_220us_regaddr
                         0x801'4730   0x70  Data  Lc  setup_motion_wide.o [1]
mode_motion_wide_50db_220us_regval
                         0x801'39a8   0xdc  Data  Lc  setup_motion_wide.o [1]
mode_motion_wide_50db_220us_seq
                         0x800'a10c  0xb20  Data  Lc  setup_motion_wide.o [1]
mode_motion_wide_60db_1100us
                         0x801'5208   0x20  Data  Lc  setup_motion_wide.o [1]
mode_motion_wide_60db_1100us_fftwin
                         0x801'37a8  0x100  Data  Lc  setup_motion_wide.o [1]
mode_motion_wide_60db_1100us_regaddr
                         0x801'47a0   0x70  Data  Lc  setup_motion_wide.o [1]
mode_motion_wide_60db_1100us_regval
                         0x801'3a84   0xdc  Data  Lc  setup_motion_wide.o [1]
mode_motion_wide_60db_1100us_seq
                         0x800'ac2c  0xb20  Data  Lc  setup_motion_wide.o [1]
mode_motion_wide_60db_220us
                         0x801'5228   0x20  Data  Lc  setup_motion_wide.o [1]
mode_motion_wide_60db_220us_fftwin
                         0x801'38a8  0x100  Data  Lc  setup_motion_wide.o [1]
mode_motion_wide_60db_220us_regaddr
                         0x801'4810   0x70  Data  Lc  setup_motion_wide.o [1]
mode_motion_wide_60db_220us_regval
                         0x801'3b60   0xdc  Data  Lc  setup_motion_wide.o [1]
mode_motion_wide_60db_220us_seq
                         0x800'b74c  0xb20  Data  Lc  setup_motion_wide.o [1]
motion_init              0x801'0231   0x32  Code  Gb  setup_motion.o [1]
motion_wide_getcode      0x801'054d   0xf0  Code  Gb  setup_motion_wide.o [1]
motion_wide_update_param
                         0x801'0651   0x54  Code  Gb  setup_motion_wide.o [1]
mparams                 0x2000'05ac   0x18  Data  Lc  dlmalloc.o [2]
nf_1100us_hpf1           0x801'5590    0x8  Data  Gb  location.o [1]
nf_1100us_hpf1_point     0x801'4bf8   0x60  Data  Lc  location.o [1]
nf_1100us_hpf2           0x801'5598    0x8  Data  Gb  location.o [1]
nf_1100us_hpf2_point     0x801'4c58   0x60  Data  Lc  location.o [1]
nf_220us_hpf1            0x801'5580    0x8  Data  Gb  location.o [1]
nf_220us_hpf1_point      0x801'4b38   0x60  Data  Lc  location.o [1]
nf_220us_hpf2            0x801'5588    0x8  Data  Gb  location.o [1]
nf_220us_hpf2_point      0x801'4b98   0x60  Data  Lc  location.o [1]
obuf                    0x2000'0510   0x50  Data  Lc  xfiles.o [2]
param_check_choice_local
                         0x801'10e3   0x3e  Code  Lc  rs24g_2d_sc1233_range.o [1]
param_check_choice_local
                         0x801'24a9   0x42  Code  Lc  rs24g_ctl_setup_range.o [1]
param_check_range_local
                         0x801'1097   0x4c  Code  Lc  rs24g_2d_sc1233_range.o [1]
param_check_range_local
                         0x801'2459   0x50  Code  Lc  rs24g_ctl_setup_range.o [1]
point_per_chirp          0x801'1fb9   0x96  Code  Gb  setup_common.o [1]
printf                   0x800'f1e9   0x28  Code  Gb  printf.o [2]
putchar                  0x801'53d1    0xc  Code  Gb  putchar.o [2]
qsort_r                  0x800'5383  0x290  Code  Gb  qsort1.o [1]
read_fifo                0x801'1769   0x68  Code  Lc  rs_ctl_cmd.o [1]
read_modify_write_reg    0x801'1df9   0x3e  Code  Gb  setup_common.o [1]
read_registers           0x801'16ed   0x7c  Code  Lc  rs_ctl_cmd.o [1]
read_status              0x801'16cd   0x20  Code  Lc  rs_ctl_cmd.o [1]
remove                   0x801'46a3   0x14  Code  Gb  remove.o [5]
round                    0x801'29c5         Code  Gb  round.o [3]
roundl                   0x801'29c5         Code  Gb  round.o [3]
rs24g_2d_sc1233_version_hotfix
                         0x800'2946    0x2  Data  Gb  rs24g_2d_sc1233_version.o [1]
rs24g_2d_sc1233_version_major
                         0x800'1772    0x2  Data  Gb  rs24g_2d_sc1233_version.o [1]
rs24g_2d_sc1233_version_minor
                         0x800'283a    0x2  Data  Gb  rs24g_2d_sc1233_version.o [1]
rs24g_2d_sc1233_version_revision
                         0x800'28ce    0x2  Data  Gb  rs24g_2d_sc1233_version.o [1]
rs24g_ctl_sc1233_version_hotfix
                         0x800'2c8e    0x2  Data  Gb  rs24g_ctl_sc1233_version.o [1]
rs24g_ctl_sc1233_version_major
                         0x800'2ae6    0x2  Data  Gb  rs24g_ctl_sc1233_version.o [1]
rs24g_ctl_sc1233_version_minor
                         0x800'2b16    0x2  Data  Gb  rs24g_ctl_sc1233_version.o [1]
rs24g_ctl_sc1233_version_revision
                         0x800'2c52    0x2  Data  Gb  rs24g_ctl_sc1233_version.o [1]
rs24g_ctl_setup_sc1233_version_hotfix
                         0x800'3022    0x2  Data  Gb  rs24g_ctl_setup_sc1233_version.o [1]
rs24g_ctl_setup_sc1233_version_major
                         0x800'2cb2    0x2  Data  Gb  rs24g_ctl_setup_sc1233_version.o [1]
rs24g_ctl_setup_sc1233_version_minor
                         0x800'2d96    0x2  Data  Gb  rs24g_ctl_setup_sc1233_version.o [1]
rs24g_ctl_setup_sc1233_version_revision
                         0x800'2fde    0x2  Data  Gb  rs24g_ctl_setup_sc1233_version.o [1]
rs24g_mutex_destroy      0x800'fa49   0x18  Code  Lc  rs24g_ctl_base.o [1]
rs24g_mutex_init         0x800'fa25   0x24  Code  Lc  rs24g_ctl_base.o [1]
rs24g_mutex_lock         0x800'ff75   0x18  Code  Lc  rs24g_ctl_2rx.o [1]
rs24g_mutex_lock         0x800'fa61   0x18  Code  Lc  rs24g_ctl_base.o [1]
rs24g_mutex_lock         0x800'f4dd   0x18  Code  Lc  rs24g_ctl_distance.o [1]
rs24g_mutex_lock         0x801'0bab   0x18  Code  Lc  rs24g_ctl_setup.o [1]
rs24g_mutex_unlock       0x800'ff8d   0x18  Code  Lc  rs24g_ctl_2rx.o [1]
rs24g_mutex_unlock       0x800'fa79   0x18  Code  Lc  rs24g_ctl_base.o [1]
rs24g_mutex_unlock       0x800'f4f5   0x18  Code  Lc  rs24g_ctl_distance.o [1]
rs24g_mutex_unlock       0x801'0bc3   0x18  Code  Lc  rs24g_ctl_setup.o [1]
rs_2d_deinit             0x800'f7bb   0x22  Code  Gb  rs24g_2d_sc1233_base.o [1]
rs_2d_exec               0x800'f945   0x6e  Code  Gb  rs24g_2d_sc1233_base.o [1]
rs_2d_get_init_algo_param
                         0x800'f7dd   0x42  Code  Gb  rs24g_2d_sc1233_base.o [1]
rs_2d_get_lib_ver        0x801'01ad   0x84  Code  Gb  rs24g_2d_sc1233_version.o [1]
rs_2d_get_location       0x800'f9b3   0x72  Code  Gb  rs24g_2d_sc1233_base.o [1]
rs_2d_init               0x800'f5d1  0x1ea  Code  Gb  rs24g_2d_sc1233_base.o [1]
rs_2d_param_check        0x801'1121  0x154  Code  Gb  rs24g_2d_sc1233_range.o [1]
rs_2d_param_get_choice   0x801'101f   0x78  Code  Gb  rs24g_2d_sc1233_range.o [1]
rs_2d_param_get_range    0x801'0f89   0x96  Code  Gb  rs24g_2d_sc1233_range.o [1]
rs_2d_set_algo_param     0x800'f81f  0x102  Code  Gb  rs24g_2d_sc1233_base.o [1]
rs_bin_add_data_section
                         0x800'3cb1   0x88  Code  Gb  rs24g_bin.o [1]
rs_bin_add_general_section
                         0x800'3d39   0x82  Code  Gb  rs24g_bin.o [1]
rs_bin_alloc             0x800'3be9   0x76  Code  Gb  rs24g_bin.o [1]
rs_bin_free              0x800'3c5f   0x52  Code  Gb  rs24g_bin.o [1]
rs_bin_get_code_section
                         0x800'42d5   0x3a  Code  Gb  rs24g_bin.o [1]
rs_bin_get_data_section
                         0x800'430f   0x4a  Code  Gb  rs24g_bin.o [1]
rs_bin_get_size          0x800'4279   0x50  Code  Gb  rs24g_bin.o [1]
rs_bin_interface_get     0x801'12b5   0x48  Code  Gb  rs24g_bin_interface.o [1]
rs_bin_load              0x800'3dbb  0x272  Code  Gb  rs24g_bin.o [1]
rs_bin_save              0x800'4039  0x238  Code  Gb  rs24g_bin.o [1]
rs_calc_crc16            0x801'1a93   0x42  Code  Gb  rs_ctl_data.o [1]
rs_close                 0x800'fc2b   0x58  Code  Gb  rs24g_ctl_base.o [1]
rs_code2_alloc           0x801'2c29  0x114  Code  Gb  rs24g_code2.o [1]
rs_code2_alloc_fft_data
                         0x801'2fc9   0x40  Code  Gb  rs24g_code2_local.o [1]
rs_code2_alloc_reg_addr_and_data
                         0x801'2f69   0x60  Code  Gb  rs24g_code2_local.o [1]
rs_code2_alloc_seq_data
                         0x801'2f29   0x40  Code  Gb  rs24g_code2_local.o [1]
rs_code2_free            0x801'2d3d   0x5c  Code  Gb  rs24g_code2.o [1]
rs_code2_free_fft_data   0x801'3079   0x30  Code  Gb  rs24g_code2_local.o [1]
rs_code2_free_reg_addr_and_data
                         0x801'3039   0x40  Code  Gb  rs24g_code2_local.o [1]
rs_code2_free_seq_data   0x801'3009   0x30  Code  Gb  rs24g_code2_local.o [1]
rs_code2_load_minimum_from_bin
                         0x801'2d99  0x190  Code  Gb  rs24g_code2.o [1]
rs_ctl_cmd_chipboot_sc1233
                         0x801'17d1   0xb4  Code  Gb  rs_ctl_cmd_sc1233.o [1]
rs_ctl_cmd_disable_seq   0x801'155f   0x24  Code  Gb  rs_ctl_cmd.o [1]
rs_ctl_cmd_enable_seq    0x801'1583   0x3c  Code  Gb  rs_ctl_cmd.o [1]
rs_ctl_cmd_get_sensor_data
                         0x801'15c9   0x72  Code  Gb  rs_ctl_cmd.o [1]
rs_ctl_cmd_shutdown      0x801'1535   0x2a  Code  Gb  rs_ctl_cmd.o [1]
rs_ctl_cmd_wait_and_get_sensor_data
                         0x801'163b   0x92  Code  Gb  rs_ctl_cmd.o [1]
rs_ctl_dev_close         0x801'130b    0xc  Code  Gb  rs_ctl_dev.o [1]
rs_ctl_dev_open          0x801'12fd    0xe  Code  Gb  rs_ctl_dev.o [1]
rs_ctl_dev_read          0x801'1367   0x90  Code  Gb  rs_ctl_dev.o [1]
rs_ctl_dev_term_set      0x801'13f7   0x4e  Code  Gb  rs_ctl_dev.o [1]
rs_ctl_dev_term_trig_clear
                         0x801'1445   0x42  Code  Gb  rs_ctl_dev.o [1]
rs_ctl_dev_term_trig_set
                         0x801'1487   0x46  Code  Gb  rs_ctl_dev.o [1]
rs_ctl_dev_term_trig_wait
                         0x801'14cd   0x66  Code  Gb  rs_ctl_dev.o [1]
rs_ctl_dev_write         0x801'1317   0x50  Code  Gb  rs_ctl_dev.o [1]
rs_ctl_op_DISTM          0x801'1a17    0xe  Code  Gb  rs_ctl_op.o [1]
rs_ctl_op_DSLEEP         0x801'1993    0xe  Code  Gb  rs_ctl_op.o [1]
rs_ctl_op_ENATM          0x801'1a09    0xe  Code  Gb  rs_ctl_op.o [1]
rs_ctl_op_HLDDT          0x801'1a41   0x12  Code  Gb  rs_ctl_op.o [1]
rs_ctl_op_RDSR           0x801'19b5   0x12  Code  Gb  rs_ctl_op.o [1]
rs_ctl_op_RDSR2          0x801'19f7   0x12  Code  Gb  rs_ctl_op.o [1]
rs_ctl_op_READ           0x801'19df   0x18  Code  Gb  rs_ctl_op.o [1]
rs_ctl_op_RUNTM          0x801'1a25    0xe  Code  Gb  rs_ctl_op.o [1]
rs_ctl_op_SRST           0x801'1983   0x10  Code  Gb  rs_ctl_op.o [1]
rs_ctl_op_STPTM          0x801'1a33    0xe  Code  Gb  rs_ctl_op.o [1]
rs_ctl_op_UPDDT          0x801'1a53   0x18  Code  Gb  rs_ctl_op.o [1]
rs_ctl_op_WRITE          0x801'19c7   0x18  Code  Gb  rs_ctl_op.o [1]
rs_ctl_op_WRSR           0x801'19a1   0x14  Code  Gb  rs_ctl_op.o [1]
rs_ctl_op_fast_control   0x801'1885   0x16  Code  Lc  rs_ctl_op.o [1]
rs_ctl_op_read_region    0x801'194d   0x36  Code  Lc  rs_ctl_op.o [1]
rs_ctl_op_read_status    0x801'18b7   0x36  Code  Lc  rs_ctl_op.o [1]
rs_ctl_op_write_region   0x801'18ed   0x60  Code  Lc  rs_ctl_op.o [1]
rs_ctl_op_write_status   0x801'189b   0x1c  Code  Lc  rs_ctl_op.o [1]
rs_ctl_read_mem          0x801'1b1d   0x18  Code  Gb  rs_ctl_data.o [1]
rs_ctl_read_reg          0x801'1b53   0x32  Code  Gb  rs_ctl_data.o [1]
rs_ctl_read_regs         0x801'1bdb   0x56  Code  Gb  rs_ctl_data.o [1]
rs_ctl_sensor_data_free
                         0x801'2985   0x30  Code  Gb  rs_ctl_sensor_data.o [1]
rs_ctl_sensor_data_init
                         0x801'2963   0x22  Code  Gb  rs_ctl_sensor_data.o [1]
rs_ctl_write_mem         0x801'1b05   0x18  Code  Gb  rs_ctl_data.o [1]
rs_ctl_write_reg         0x801'1b35   0x1e  Code  Gb  rs_ctl_data.o [1]
rs_ctl_write_regs        0x801'1b85   0x56  Code  Gb  rs_ctl_data.o [1]
rs_dev_close             0x801'2729    0x6  Code  Gb  rs_ctl_dev_poc.o [1]
rs_dev_open              0x801'270d   0x1c  Code  Gb  rs_ctl_dev_poc.o [1]
rs_dev_read              0x801'2765   0xa4  Code  Gb  rs_ctl_dev_poc.o [1]
rs_dev_term_clear_trigger
                         0x801'2881   0x26  Code  Gb  rs_ctl_dev_poc.o [1]
rs_dev_term_set          0x801'2809   0x54  Code  Gb  rs_ctl_dev_poc.o [1]
rs_dev_term_set_trigger
                         0x801'285d   0x24  Code  Gb  rs_ctl_dev_poc.o [1]
rs_dev_term_wait_trigger
                         0x801'28a7   0x96  Code  Gb  rs_ctl_dev_poc.o [1]
rs_dev_write             0x801'272f   0x36  Code  Gb  rs_ctl_dev_poc.o [1]
rs_get_2rx_peak          0x800'ffe5   0xba  Code  Gb  rs24g_ctl_2rx.o [1]
rs_get_ctl_mode_from_setup_mode
                         0x800'f333   0x34  Code  Lc  rs24g_ctl_setup_base.o [1]
rs_get_peak_level_lower
                         0x800'f57b   0x54  Code  Gb  rs24g_ctl_distance.o [1]
rs_get_sensor_lib_ver    0x801'00a5   0x84  Code  Gb  rs24g_ctl_sc1233_version.o [1]
rs_get_setup_code_handle
                         0x801'0bdb   0x3a  Code  Gb  rs24g_ctl_setup.o [1]
rs_get_setup_lib_ver     0x801'0129   0x84  Code  Gb  rs24g_ctl_setup_sc1233_version.o [1]
rs_get_setup_res_handle
                         0x801'0c15   0x3a  Code  Gb  rs24g_ctl_setup.o [1]
rs_list_clear            0x800'4fcf    0x6  Code  Gb  rs_list.o [1]
rs_list_delete           0x800'4ffb   0x3e  Code  Gb  rs_list.o [1]
rs_list_get_ele          0x800'503d   0x22  Code  Gb  rs_list.o [1]
rs_list_get_ele_end      0x800'505f   0x22  Code  Gb  rs_list.o [1]
rs_list_get_num          0x800'5039    0x4  Code  Gb  rs_list.o [1]
rs_list_init             0x800'5081   0x36  Code  Gb  rs_list.o [1]
rs_list_pop_front        0x800'4fd5    0xe  Code  Gb  rs_list.o [1]
rs_list_push_back        0x800'4fe3   0x18  Code  Gb  rs_list.o [1]
rs_list_sort             0x800'50b7   0x18  Code  Gb  rs_list.o [1]
rs_load_seqcode          0x801'0d71   0x7a  Code  Gb  rs24g_ctl_setup.o [1]
rs_mutex_destroy         0x801'0f75    0x6  Code  Gb  rs_mutex.o [1]
rs_mutex_init            0x801'0f6f    0x6  Code  Gb  rs_mutex.o [1]
rs_mutex_lock            0x801'0f7b    0x6  Code  Gb  rs_mutex.o [1]
rs_mutex_unlock          0x801'0f81    0x6  Code  Gb  rs_mutex.o [1]
rs_op_DSLEEP             0x801'0f27   0x48  Code  Gb  rs24g_ctl_setup.o [1]
rs_open                  0x800'fb25  0x106  Code  Gb  rs24g_ctl_base.o [1]
rs_param_check           0x801'24eb  0x14a  Code  Gb  rs24g_ctl_setup_range.o [1]
rs_param_distance_range_check
                         0x801'2635   0x98  Code  Gb  rs24g_ctl_setup_range.o [1]
rs_param_get_choice      0x801'23d5   0x84  Code  Gb  rs24g_ctl_setup_range.o [1]
rs_param_get_range       0x801'22d5  0x100  Code  Gb  rs24g_ctl_setup_range.o [1]
rs_param_init            0x800'f435   0x2a  Code  Gb  rs24g_ctl_setup_base.o [1]
rs_param_init_local      0x800'f211   0x4e  Code  Lc  rs24g_ctl_setup_base.o [1]
rs_read_reg              0x801'0e89   0x9e  Code  Gb  rs24g_ctl_setup.o [1]
rs_resource_alloc_holder
                         0x800'fa91   0x5a  Code  Lc  rs24g_ctl_base.o [1]
rs_resource_free_holder
                         0x800'faeb   0x3a  Code  Lc  rs24g_ctl_base.o [1]
rs_set_peak_level_lower
                         0x800'f50d   0x6e  Code  Gb  rs24g_ctl_distance.o [1]
rs_setup_alpha           0x801'0263   0x20  Code  Gb  setup_motion.o [1]
rs_setup_beta            0x801'030f   0x20  Code  Gb  setup_distance.o [1]
rs_setup_getcode         0x801'1ead   0x64  Code  Gb  setup_common.o [1]
rs_setup_getcode_ext     0x801'1f11   0x58  Code  Gb  setup_common.o [1]
rs_setup_getmode_ext     0x801'1f69   0x32  Code  Gb  setup_common.o [1]
rs_setup_hpf             0x801'21bd   0xdc  Code  Gb  setup_common.o [1]
rs_setup_interval        0x801'219d   0x20  Code  Gb  setup_common.o [1]
rs_setup_motion_threshold
                         0x801'0283   0x1e  Code  Gb  setup_motion.o [1]
rs_setup_param           0x800'f45f   0x7c  Code  Gb  rs24g_ctl_setup_base.o [1]
rs_setup_param_local     0x800'f25f   0xd4  Code  Lc  rs24g_ctl_setup_base.o [1]
rs_setup_range           0x801'2051  0x14c  Code  Gb  setup_common.o [1]
rs_setup_range_motion    0x801'02bd   0x20  Code  Gb  setup_motion.o [1]
rs_setup_range_peak      0x801'032f   0x46  Code  Gb  setup_distance.o [1]
rs_setup_seq             0x801'0c8b   0xe6  Code  Lc  rs24g_ctl_setup.o [1]
rs_setup_startup_count   0x801'02a1   0x1c  Code  Gb  setup_motion.o [1]
rs_setup_update_code_after_getcode
                         0x801'1e69   0x44  Code  Lc  setup_common.o [1]
rs_shutdown              0x800'fc83   0x66  Code  Gb  rs24g_ctl_base.o [1]
rs_start                 0x800'fe25    0xe  Code  Gb  rs24g_ctl_base.o [1]
rs_start_body            0x800'fce9  0x138  Code  Lc  rs24g_ctl_base.o [1]
rs_stop                  0x800'fec9   0xac  Code  Gb  rs24g_ctl_base.o [1]
rs_stop_wait             0x800'fe33   0x96  Code  Lc  rs24g_ctl_base.o [1]
rs_update_param_local    0x800'f367   0xc2  Code  Lc  rs24g_ctl_setup_base.o [1]
rs_usleep                0x801'1a87    0xc  Code  Gb  rs_sleep.o [1]
rs_write_reg             0x801'0deb   0x9e  Code  Gb  rs24g_ctl_setup.o [1]
rvalue                  0x2000'05c4    0x4  Data  Gb  rs_ctl_cmd_sc1233.o [1]
sFileInfo               0x2000'03dc   0x80  Data  Lc  XShHandles.o [2]
save_data_section        0x800'381f   0x98  Code  Lc  rs24g_bin.o [1]
save_general_section     0x800'394d   0x38  Code  Lc  rs24g_bin.o [1]
save_sections            0x800'3a0d   0x84  Code  Lc  rs24g_bin.o [1]
scalbln                  0x800'2b19         Code  Gb  ldexp.o [3]
scalblnl                 0x800'2b19         Code  Gb  ldexp.o [3]
scalbn                   0x800'2b19         Code  Gb  ldexp.o [3]
scalbnl                  0x800'2b19         Code  Gb  ldexp.o [3]
scale                    0x800'2791   0x46  Code  Lc  xprintffull.o [2]
search_eloc              0x800'4ab5   0xa2  Code  Lc  location.o [1]
sec_hand                0x2000'05d4    0x4  Data  Lc  xfail_s.o [2]
section_header_size      0x801'5610    0x4  Data  Lc  rs24g_bin.o [1]
segment_holding          0x800'018d   0x1a  Code  Lc  dlmalloc.o [2]
sqrt                     0x800'5b89         Code  Gb  sqrt.o [3]
sqrtl                    0x800'5b89         Code  Gb  sqrt.o [3]
strchr                   0x800'28b9         Code  Gb  strchr.o [4]
strlen                   0x800'2911         Code  Gb  strlen.o [4]
swap_ele                 0x800'4f8b   0x44  Code  Lc  rs_list.o [1]
table_read_reg           0x801'1e37   0x32  Code  Gb  setup_common.o [1]
time                     0x801'1c31    0x4  Code  Gb  time_trampoline.o [2]
two_dimensions_mode      0x800'df47  0x3f8  Code  Gb  rs24g_sample_sc1233.o [1]
uint32_to_uint8          0x801'1ad5   0x16  Code  Lc  rs_ctl_data.o [1]
uint8_to_uint32          0x801'1aeb   0x1a  Code  Lc  rs_ctl_data.o [1]
update_body_size         0x800'3ba9   0x40  Code  Lc  rs24g_bin.o [1]
update_eloc_info         0x800'454d  0x31c  Code  Lc  location.o [1]
usleep                   0x801'1a6d   0x1a  Code  Gb  rs_sleep.o [1]
uwTick                  0x2000'05d0    0x4  Data  Gb  stm32l4xx_hal.o [1]
uwTickFreq              0x2000'0004    0x4  Data  Gb  stm32l4xx_hal.o [1]
uwTickPrio              0x2000'0000    0x4  Data  Gb  stm32l4xx_hal.o [1]


[1] = E:\STM32L431CCT6\2D\EWARM\CubeMX\Obj
[2] = dl7M_tlf.a
[3] = m7M_tls.a
[4] = rt7M_tl.a
[5] = shb_l.a

  54'576 bytes of readonly  code memory
  33'393 bytes of readonly  data memory
  38'876 bytes of readwrite data memory

Errors: none
Warnings: none
